[34m2019-01-07 15:09:13.043 JST [FileLog] main -> INFO 001[0m ed5f71fcae3420b4509b227239865ecff3ffe8b6e8cecdd38408cd1474fea5e5ed5f71fcae3420b4509b227239865ecff3ffe8b6e8cecdd38408cd1474fea5e5ed5f71fcae3420b4509b227239865ecff3ffe8b6e8cecdd38408cd1474fea5e5ed5f71fcae3420b4509b227239865ecff3ffe8b6e8cecdd38408cd1474fea5e5ed5f7ed5f71fcae3420b4509b227239865ecff3ffe8b6e8cecdd38408cd1474fea5e51fcae3420b4509b22ed5f71fcae3420b4509b22723986ed5f71fcae3420b4cecdd38408cd1474fea5e5ed5f7ed5f71fcae3420b4509b227239865ecff3ffe8b6e8cecdd38408ccecdd38408cd1474fea5e5ed5f7ed5f71fcae3420b4509b227239865ecff3ffe8b6e8cecdd38408ccecdd38408cd1474fea5e5ed5f7ed5f71fcae3420b4509b227239865ecff3ffe8b6e8cecdd38408ccecdd38408cd1474fea5e5ed5f7ed5f71fcae3420b4509b227239865ecff3ffe8b6e8cecdd38408ccecdd38408cd1474fea5e5ed5f7ed5f71fcae3420b4509b227239865ecff3ffe8b6e8cecdd38408ccecdd38408cd1474fea5e5ed5f7ed5f71fcae3420b4509b227239865ecff3ffe8b6e8cecdd38408ccecdd38408cd1474fea5e5ed5f7ed5f71fcae3420b4509b227239865ecff3ffe8b6e8cecdd38408ccecdd38408cd1474fea5e5ed5f7ed5f71fcae3420b4509b227239865ecff3ffe8b6e8cecdd38408ccecdd38408cd1474fea5e5ed5f7ed5f71fcae3420b4509b227239865ecff3ffe8b6e8cecdd38408ccecdd38408cd1474fea5e5ed5f7ed5f71fcae3420b4509b227239865ecff3ffe8b6e8cecdd38408ccecdd38408cd1474fea5e5ed5f7ed5f71fcae3420b4509b227239865ecff3ffe8b6e8cecdd38408ccecdd38408cd1474fea5e5ed5f7ed5f71fcae3420b4509b227239865ecff3ffe8b6e8cecdd38408ccecdd38408cd1474fea5e5ed5f7ed5f71fcae3420b4509b227239865ecff3ffe8b6e8cecdd38408ccecdd38408cd1474fea5e5ed5f7ed5f71fcae3420b4509b227239865ecff3ffe8b6e8cecdd38408ccecdd38408cd1474fea5e5ed5f7ed5f71fcae3420b4509b227239865ecff3ffe8b6e8cecdd38408c509b227239865ecff3ffe8b6e8cecdd38408cd1474fea5e55ecff3ffe8b6e8cecdd38408cd1474fea5e5ed5f71fcae3420b4509b2ed5cecdd38408cd1474fea5e5ed5f7ed5f71fcae3420b4509b227239865ecff3ffe8b6e8cecdd38408cf71fcae3420b4509b227239865ecff3ffe8b6e8cecdd38408cd1474fea5e527239865ecff3ffe8b6e8cecdd38408cded5f71fcae3420b4509b22723ed5f71fcae3420b4509b227239865ecff3ffe8b6e8cecdd38408cd1474fea5e5ed5f71fcae3420b4509b227239865ecff3ffe8b6eed5f71fcae3420b4509b227239865ecff3ffe8b6e8cecdd38408cd1474fea5e58cecdd38408cd1474fea5e5ed5f71fcae3420b4509b22ed5f71fcae3420b4509b227239865ecff3ffe8b6e8cecdd38408cd1474fea5e57239865ecff3ffe8b6e8cecdd38408cd1474fea5e5ed5f71fcae3420b4509b227239865ecff3ffe8b6e8cecdd38408cd1474fea5e5ed5f71fcae3420b4509b227239865ecff3ffe8b6e8cecdd38408cd1474fea5e5ed5f71fcae3420b4509b227239865ecff3ffe8b6e8cecdd38408cd1474fea5e5ed5f71fcae3420b4509b227239865ecff3ffe8b6e8ceed5f71fcae3420b4509b227239865ecff3ffe8b6e8cecdd38408cd1474fea5e5cdd38408cd1474fea5e5ed5f71fcae3420b4509b227239865ecff3ffe8b6e8cecdd38408cd1474fea5e5ed5f71fcae3420b4509b227239865ecff3ffe8b6e8cecdd38408cd1474fea5e59865ecff3ffe8b6e8ceced5f71fcae3420b4509b227239865ecff3ffe8b6e8cecdd38408cd1474fea5e5dd38408cd1474fea5e5ed5f71fcae3420b4509b227239865ecff3ffe8b6e8cecdd38408cd1474fea5e51474fea5e57239865ecff3ffeed5f71fcae3420b4509b227239865ecff3ffe8b6e8cecdd38408cd1474fea5e58b6e8cecdd38408cd1474fea5e5 test FileLog  0
[34m2019-01-07 15:09:14.047 JST [FileLog] main -> INFO 002[0m ed5f71fcae3420b4509b227239865ecff3ffe8b6e8cecdd38408cd1474fea5e5ed5f71fcae3420b4509b227239865ecff3ffe8b6e8cecdd38408cd1474fea5e5ed5f71fcae3420b4509b227239865ecff3ffe8b6e8cecdd38408cd1474fea5e5ed5f71fcae3420b4509b227239865ecff3ffe8b6e8cecdd38408cd1474fea5e5ed5f7ed5f71fcae3420b4509b227239865ecff3ffe8b6e8cecdd38408cd1474fea5e51fcae3420b4509b22ed5f71fcae3420b4509b22723986ed5f71fcae3420b4cecdd38408cd1474fea5e5ed5f7ed5f71fcae3420b4509b227239865ecff3ffe8b6e8cecdd38408ccecdd38408cd1474fea5e5ed5f7ed5f71fcae3420b4509b227239865ecff3ffe8b6e8cecdd38408ccecdd38408cd1474fea5e5ed5f7ed5f71fcae3420b4509b227239865ecff3ffe8b6e8cecdd38408ccecdd38408cd1474fea5e5ed5f7ed5f71fcae3420b4509b227239865ecff3ffe8b6e8cecdd38408ccecdd38408cd1474fea5e5ed5f7ed5f71fcae3420b4509b227239865ecff3ffe8b6e8cecdd38408ccecdd38408cd1474fea5e5ed5f7ed5f71fcae3420b4509b227239865ecff3ffe8b6e8cecdd38408ccecdd38408cd1474fea5e5ed5f7ed5f71fcae3420b4509b227239865ecff3ffe8b6e8cecdd38408ccecdd38408cd1474fea5e5ed5f7ed5f71fcae3420b4509b227239865ecff3ffe8b6e8cecdd38408ccecdd38408cd1474fea5e5ed5f7ed5f71fcae3420b4509b227239865ecff3ffe8b6e8cecdd38408ccecdd38408cd1474fea5e5ed5f7ed5f71fcae3420b4509b227239865ecff3ffe8b6e8cecdd38408ccecdd38408cd1474fea5e5ed5f7ed5f71fcae3420b4509b227239865ecff3ffe8b6e8cecdd38408ccecdd38408cd1474fea5e5ed5f7ed5f71fcae3420b4509b227239865ecff3ffe8b6e8cecdd38408ccecdd38408cd1474fea5e5ed5f7ed5f71fcae3420b4509b227239865ecff3ffe8b6e8cecdd38408ccecdd38408cd1474fea5e5ed5f7ed5f71fcae3420b4509b227239865ecff3ffe8b6e8cecdd38408ccecdd38408cd1474fea5e5ed5f7ed5f71fcae3420b4509b227239865ecff3ffe8b6e8cecdd38408c509b227239865ecff3ffe8b6e8cecdd38408cd1474fea5e55ecff3ffe8b6e8cecdd38408cd1474fea5e5ed5f71fcae3420b4509b2ed5cecdd38408cd1474fea5e5ed5f7ed5f71fcae3420b4509b227239865ecff3ffe8b6e8cecdd38408cf71fcae3420b4509b227239865ecff3ffe8b6e8cecdd38408cd1474fea5e527239865ecff3ffe8b6e8cecdd38408cded5f71fcae3420b4509b22723ed5f71fcae3420b4509b227239865ecff3ffe8b6e8cecdd38408cd1474fea5e5ed5f71fcae3420b4509b227239865ecff3ffe8b6eed5f71fcae3420b4509b227239865ecff3ffe8b6e8cecdd38408cd1474fea5e58cecdd38408cd1474fea5e5ed5f71fcae3420b4509b22ed5f71fcae3420b4509b227239865ecff3ffe8b6e8cecdd38408cd1474fea5e57239865ecff3ffe8b6e8cecdd38408cd1474fea5e5ed5f71fcae3420b4509b227239865ecff3ffe8b6e8cecdd38408cd1474fea5e5ed5f71fcae3420b4509b227239865ecff3ffe8b6e8cecdd38408cd1474fea5e5ed5f71fcae3420b4509b227239865ecff3ffe8b6e8cecdd38408cd1474fea5e5ed5f71fcae3420b4509b227239865ecff3ffe8b6e8ceed5f71fcae3420b4509b227239865ecff3ffe8b6e8cecdd38408cd1474fea5e5cdd38408cd1474fea5e5ed5f71fcae3420b4509b227239865ecff3ffe8b6e8cecdd38408cd1474fea5e5ed5f71fcae3420b4509b227239865ecff3ffe8b6e8cecdd38408cd1474fea5e59865ecff3ffe8b6e8ceced5f71fcae3420b4509b227239865ecff3ffe8b6e8cecdd38408cd1474fea5e5dd38408cd1474fea5e5ed5f71fcae3420b4509b227239865ecff3ffe8b6e8cecdd38408cd1474fea5e51474fea5e57239865ecff3ffeed5f71fcae3420b4509b227239865ecff3ffe8b6e8cecdd38408cd1474fea5e58b6e8cecdd38408cd1474fea5e5 test FileLog  1
[34m2019-01-07 15:09:15.048 JST [FileLog] main -> INFO 003[0m ed5f71fcae3420b4509b227239865ecff3ffe8b6e8cecdd38408cd1474fea5e5ed5f71fcae3420b4509b227239865ecff3ffe8b6e8cecdd38408cd1474fea5e5ed5f71fcae3420b4509b227239865ecff3ffe8b6e8cecdd38408cd1474fea5e5ed5f71fcae3420b4509b227239865ecff3ffe8b6e8cecdd38408cd1474fea5e5ed5f7ed5f71fcae3420b4509b227239865ecff3ffe8b6e8cecdd38408cd1474fea5e51fcae3420b4509b22ed5f71fcae3420b4509b22723986ed5f71fcae3420b4cecdd38408cd1474fea5e5ed5f7ed5f71fcae3420b4509b227239865ecff3ffe8b6e8cecdd38408ccecdd38408cd1474fea5e5ed5f7ed5f71fcae3420b4509b227239865ecff3ffe8b6e8cecdd38408ccecdd38408cd1474fea5e5ed5f7ed5f71fcae3420b4509b227239865ecff3ffe8b6e8cecdd38408ccecdd38408cd1474fea5e5ed5f7ed5f71fcae3420b4509b227239865ecff3ffe8b6e8cecdd38408ccecdd38408cd1474fea5e5ed5f7ed5f71fcae3420b4509b227239865ecff3ffe8b6e8cecdd38408ccecdd38408cd1474fea5e5ed5f7ed5f71fcae3420b4509b227239865ecff3ffe8b6e8cecdd38408ccecdd38408cd1474fea5e5ed5f7ed5f71fcae3420b4509b227239865ecff3ffe8b6e8cecdd38408ccecdd38408cd1474fea5e5ed5f7ed5f71fcae3420b4509b227239865ecff3ffe8b6e8cecdd38408ccecdd38408cd1474fea5e5ed5f7ed5f71fcae3420b4509b227239865ecff3ffe8b6e8cecdd38408ccecdd38408cd1474fea5e5ed5f7ed5f71fcae3420b4509b227239865ecff3ffe8b6e8cecdd38408ccecdd38408cd1474fea5e5ed5f7ed5f71fcae3420b4509b227239865ecff3ffe8b6e8cecdd38408ccecdd38408cd1474fea5e5ed5f7ed5f71fcae3420b4509b227239865ecff3ffe8b6e8cecdd38408ccecdd38408cd1474fea5e5ed5f7ed5f71fcae3420b4509b227239865ecff3ffe8b6e8cecdd38408ccecdd38408cd1474fea5e5ed5f7ed5f71fcae3420b4509b227239865ecff3ffe8b6e8cecdd38408ccecdd38408cd1474fea5e5ed5f7ed5f71fcae3420b4509b227239865ecff3ffe8b6e8cecdd38408c509b227239865ecff3ffe8b6e8cecdd38408cd1474fea5e55ecff3ffe8b6e8cecdd38408cd1474fea5e5ed5f71fcae3420b4509b2ed5cecdd38408cd1474fea5e5ed5f7ed5f71fcae3420b4509b227239865ecff3ffe8b6e8cecdd38408cf71fcae3420b4509b227239865ecff3ffe8b6e8cecdd38408cd1474fea5e527239865ecff3ffe8b6e8cecdd38408cded5f71fcae3420b4509b22723ed5f71fcae3420b4509b227239865ecff3ffe8b6e8cecdd38408cd1474fea5e5ed5f71fcae3420b4509b227239865ecff3ffe8b6eed5f71fcae3420b4509b227239865ecff3ffe8b6e8cecdd38408cd1474fea5e58cecdd38408cd1474fea5e5ed5f71fcae3420b4509b22ed5f71fcae3420b4509b227239865ecff3ffe8b6e8cecdd38408cd1474fea5e57239865ecff3ffe8b6e8cecdd38408cd1474fea5e5ed5f71fcae3420b4509b227239865ecff3ffe8b6e8cecdd38408cd1474fea5e5ed5f71fcae3420b4509b227239865ecff3ffe8b6e8cecdd38408cd1474fea5e5ed5f71fcae3420b4509b227239865ecff3ffe8b6e8cecdd38408cd1474fea5e5ed5f71fcae3420b4509b227239865ecff3ffe8b6e8ceed5f71fcae3420b4509b227239865ecff3ffe8b6e8cecdd38408cd1474fea5e5cdd38408cd1474fea5e5ed5f71fcae3420b4509b227239865ecff3ffe8b6e8cecdd38408cd1474fea5e5ed5f71fcae3420b4509b227239865ecff3ffe8b6e8cecdd38408cd1474fea5e59865ecff3ffe8b6e8ceced5f71fcae3420b4509b227239865ecff3ffe8b6e8cecdd38408cd1474fea5e5dd38408cd1474fea5e5ed5f71fcae3420b4509b227239865ecff3ffe8b6e8cecdd38408cd1474fea5e51474fea5e57239865ecff3ffeed5f71fcae3420b4509b227239865ecff3ffe8b6e8cecdd38408cd1474fea5e58b6e8cecdd38408cd1474fea5e5 test FileLog  2
