[34m2019-01-07 11:47:54.486 JST [FileLog] main -> INFO 2b5[0m ed5f71fcae3420b4509b227239865ecff3ffe8b6e8cecdd38408cd1474fea5e5ed5f71fcae3420b4509b227239865ecff3ffe8b6e8cecdd38408cd1474fea5e5ed5f71fcae3420b4509b227239865ecff3ffe8b6e8cecdd38408cd1474fea5e5ed5f71fcae3420b4509b227239865ecff3ffe8b6e8cecdd38408cd1474fea5e5ed5f7ed5f71fcae3420b4509b227239865ecff3ffe8b6e8cecdd38408cd1474fea5e51fcae3420b4509b22ed5f71fcae3420b4509b22723986ed5f71fcae3420b4cecdd38408cd1474fea5e5ed5f7ed5f71fcae3420b4509b227239865ecff3ffe8b6e8cecdd38408ccecdd38408cd1474fea5e5ed5f7ed5f71fcae3420b4509b227239865ecff3ffe8b6e8cecdd38408ccecdd38408cd1474fea5e5ed5f7ed5f71fcae3420b4509b227239865ecff3ffe8b6e8cecdd38408ccecdd38408cd1474fea5e5ed5f7ed5f71fcae3420b4509b227239865ecff3ffe8b6e8cecdd38408ccecdd38408cd1474fea5e5ed5f7ed5f71fcae3420b4509b227239865ecff3ffe8b6e8cecdd38408ccecdd38408cd1474fea5e5ed5f7ed5f71fcae3420b4509b227239865ecff3ffe8b6e8cecdd38408ccecdd38408cd1474fea5e5ed5f7ed5f71fcae3420b4509b227239865ecff3ffe8b6e8cecdd38408ccecdd38408cd1474fea5e5ed5f7ed5f71fcae3420b4509b227239865ecff3ffe8b6e8cecdd38408ccecdd38408cd1474fea5e5ed5f7ed5f71fcae3420b4509b227239865ecff3ffe8b6e8cecdd38408ccecdd38408cd1474fea5e5ed5f7ed5f71fcae3420b4509b227239865ecff3ffe8b6e8cecdd38408ccecdd38408cd1474fea5e5ed5f7ed5f71fcae3420b4509b227239865ecff3ffe8b6e8cecdd38408ccecdd38408cd1474fea5e5ed5f7ed5f71fcae3420b4509b227239865ecff3ffe8b6e8cecdd38408ccecdd38408cd1474fea5e5ed5f7ed5f71fcae3420b4509b227239865ecff3ffe8b6e8cecdd38408ccecdd38408cd1474fea5e5ed5f7ed5f71fcae3420b4509b227239865ecff3ffe8b6e8cecdd38408ccecdd38408cd1474fea5e5ed5f7ed5f71fcae3420b4509b227239865ecff3ffe8b6e8cecdd38408c509b227239865ecff3ffe8b6e8cecdd38408cd1474fea5e55ecff3ffe8b6e8cecdd38408cd1474fea5e5ed5f71fcae3420b4509b2ed5cecdd38408cd1474fea5e5ed5f7ed5f71fcae3420b4509b227239865ecff3ffe8b6e8cecdd38408cf71fcae3420b4509b227239865ecff3ffe8b6e8cecdd38408cd1474fea5e527239865ecff3ffe8b6e8cecdd38408cded5f71fcae3420b4509b22723ed5f71fcae3420b4509b227239865ecff3ffe8b6e8cecdd38408cd1474fea5e5ed5f71fcae3420b4509b227239865ecff3ffe8b6eed5f71fcae3420b4509b227239865ecff3ffe8b6e8cecdd38408cd1474fea5e58cecdd38408cd1474fea5e5ed5f71fcae3420b4509b22ed5f71fcae3420b4509b227239865ecff3ffe8b6e8cecdd38408cd1474fea5e57239865ecff3ffe8b6e8cecdd38408cd1474fea5e5ed5f71fcae3420b4509b227239865ecff3ffe8b6e8cecdd38408cd1474fea5e5ed5f71fcae3420b4509b227239865ecff3ffe8b6e8cecdd38408cd1474fea5e5ed5f71fcae3420b4509b227239865ecff3ffe8b6e8cecdd38408cd1474fea5e5ed5f71fcae3420b4509b227239865ecff3ffe8b6e8ceed5f71fcae3420b4509b227239865ecff3ffe8b6e8cecdd38408cd1474fea5e5cdd38408cd1474fea5e5ed5f71fcae3420b4509b227239865ecff3ffe8b6e8cecdd38408cd1474fea5e5ed5f71fcae3420b4509b227239865ecff3ffe8b6e8cecdd38408cd1474fea5e59865ecff3ffe8b6e8ceced5f71fcae3420b4509b227239865ecff3ffe8b6e8cecdd38408cd1474fea5e5dd38408cd1474fea5e5ed5f71fcae3420b4509b227239865ecff3ffe8b6e8cecdd38408cd1474fea5e51474fea5e57239865ecff3ffeed5f71fcae3420b4509b227239865ecff3ffe8b6e8cecdd38408cd1474fea5e58b6e8cecdd38408cd1474fea5e5 test FileLog  692
[34m2019-01-07 11:47:55.492 JST [FileLog] main -> INFO 2b6[0m ed5f71fcae3420b4509b227239865ecff3ffe8b6e8cecdd38408cd1474fea5e5ed5f71fcae3420b4509b227239865ecff3ffe8b6e8cecdd38408cd1474fea5e5ed5f71fcae3420b4509b227239865ecff3ffe8b6e8cecdd38408cd1474fea5e5ed5f71fcae3420b4509b227239865ecff3ffe8b6e8cecdd38408cd1474fea5e5ed5f7ed5f71fcae3420b4509b227239865ecff3ffe8b6e8cecdd38408cd1474fea5e51fcae3420b4509b22ed5f71fcae3420b4509b22723986ed5f71fcae3420b4cecdd38408cd1474fea5e5ed5f7ed5f71fcae3420b4509b227239865ecff3ffe8b6e8cecdd38408ccecdd38408cd1474fea5e5ed5f7ed5f71fcae3420b4509b227239865ecff3ffe8b6e8cecdd38408ccecdd38408cd1474fea5e5ed5f7ed5f71fcae3420b4509b227239865ecff3ffe8b6e8cecdd38408ccecdd38408cd1474fea5e5ed5f7ed5f71fcae3420b4509b227239865ecff3ffe8b6e8cecdd38408ccecdd38408cd1474fea5e5ed5f7ed5f71fcae3420b4509b227239865ecff3ffe8b6e8cecdd38408ccecdd38408cd1474fea5e5ed5f7ed5f71fcae3420b4509b227239865ecff3ffe8b6e8cecdd38408ccecdd38408cd1474fea5e5ed5f7ed5f71fcae3420b4509b227239865ecff3ffe8b6e8cecdd38408ccecdd38408cd1474fea5e5ed5f7ed5f71fcae3420b4509b227239865ecff3ffe8b6e8cecdd38408ccecdd38408cd1474fea5e5ed5f7ed5f71fcae3420b4509b227239865ecff3ffe8b6e8cecdd38408ccecdd38408cd1474fea5e5ed5f7ed5f71fcae3420b4509b227239865ecff3ffe8b6e8cecdd38408ccecdd38408cd1474fea5e5ed5f7ed5f71fcae3420b4509b227239865ecff3ffe8b6e8cecdd38408ccecdd38408cd1474fea5e5ed5f7ed5f71fcae3420b4509b227239865ecff3ffe8b6e8cecdd38408ccecdd38408cd1474fea5e5ed5f7ed5f71fcae3420b4509b227239865ecff3ffe8b6e8cecdd38408ccecdd38408cd1474fea5e5ed5f7ed5f71fcae3420b4509b227239865ecff3ffe8b6e8cecdd38408ccecdd38408cd1474fea5e5ed5f7ed5f71fcae3420b4509b227239865ecff3ffe8b6e8cecdd38408c509b227239865ecff3ffe8b6e8cecdd38408cd1474fea5e55ecff3ffe8b6e8cecdd38408cd1474fea5e5ed5f71fcae3420b4509b2ed5cecdd38408cd1474fea5e5ed5f7ed5f71fcae3420b4509b227239865ecff3ffe8b6e8cecdd38408cf71fcae3420b4509b227239865ecff3ffe8b6e8cecdd38408cd1474fea5e527239865ecff3ffe8b6e8cecdd38408cded5f71fcae3420b4509b22723ed5f71fcae3420b4509b227239865ecff3ffe8b6e8cecdd38408cd1474fea5e5ed5f71fcae3420b4509b227239865ecff3ffe8b6eed5f71fcae3420b4509b227239865ecff3ffe8b6e8cecdd38408cd1474fea5e58cecdd38408cd1474fea5e5ed5f71fcae3420b4509b22ed5f71fcae3420b4509b227239865ecff3ffe8b6e8cecdd38408cd1474fea5e57239865ecff3ffe8b6e8cecdd38408cd1474fea5e5ed5f71fcae3420b4509b227239865ecff3ffe8b6e8cecdd38408cd1474fea5e5ed5f71fcae3420b4509b227239865ecff3ffe8b6e8cecdd38408cd1474fea5e5ed5f71fcae3420b4509b227239865ecff3ffe8b6e8cecdd38408cd1474fea5e5ed5f71fcae3420b4509b227239865ecff3ffe8b6e8ceed5f71fcae3420b4509b227239865ecff3ffe8b6e8cecdd38408cd1474fea5e5cdd38408cd1474fea5e5ed5f71fcae3420b4509b227239865ecff3ffe8b6e8cecdd38408cd1474fea5e5ed5f71fcae3420b4509b227239865ecff3ffe8b6e8cecdd38408cd1474fea5e59865ecff3ffe8b6e8ceced5f71fcae3420b4509b227239865ecff3ffe8b6e8cecdd38408cd1474fea5e5dd38408cd1474fea5e5ed5f71fcae3420b4509b227239865ecff3ffe8b6e8cecdd38408cd1474fea5e51474fea5e57239865ecff3ffeed5f71fcae3420b4509b227239865ecff3ffe8b6e8cecdd38408cd1474fea5e58b6e8cecdd38408cd1474fea5e5 test FileLog  693
[34m2019-01-07 11:47:56.493 JST [FileLog] main -> INFO 2b7[0m ed5f71fcae3420b4509b227239865ecff3ffe8b6e8cecdd38408cd1474fea5e5ed5f71fcae3420b4509b227239865ecff3ffe8b6e8cecdd38408cd1474fea5e5ed5f71fcae3420b4509b227239865ecff3ffe8b6e8cecdd38408cd1474fea5e5ed5f71fcae3420b4509b227239865ecff3ffe8b6e8cecdd38408cd1474fea5e5ed5f7ed5f71fcae3420b4509b227239865ecff3ffe8b6e8cecdd38408cd1474fea5e51fcae3420b4509b22ed5f71fcae3420b4509b22723986ed5f71fcae3420b4cecdd38408cd1474fea5e5ed5f7ed5f71fcae3420b4509b227239865ecff3ffe8b6e8cecdd38408ccecdd38408cd1474fea5e5ed5f7ed5f71fcae3420b4509b227239865ecff3ffe8b6e8cecdd38408ccecdd38408cd1474fea5e5ed5f7ed5f71fcae3420b4509b227239865ecff3ffe8b6e8cecdd38408ccecdd38408cd1474fea5e5ed5f7ed5f71fcae3420b4509b227239865ecff3ffe8b6e8cecdd38408ccecdd38408cd1474fea5e5ed5f7ed5f71fcae3420b4509b227239865ecff3ffe8b6e8cecdd38408ccecdd38408cd1474fea5e5ed5f7ed5f71fcae3420b4509b227239865ecff3ffe8b6e8cecdd38408ccecdd38408cd1474fea5e5ed5f7ed5f71fcae3420b4509b227239865ecff3ffe8b6e8cecdd38408ccecdd38408cd1474fea5e5ed5f7ed5f71fcae3420b4509b227239865ecff3ffe8b6e8cecdd38408ccecdd38408cd1474fea5e5ed5f7ed5f71fcae3420b4509b227239865ecff3ffe8b6e8cecdd38408ccecdd38408cd1474fea5e5ed5f7ed5f71fcae3420b4509b227239865ecff3ffe8b6e8cecdd38408ccecdd38408cd1474fea5e5ed5f7ed5f71fcae3420b4509b227239865ecff3ffe8b6e8cecdd38408ccecdd38408cd1474fea5e5ed5f7ed5f71fcae3420b4509b227239865ecff3ffe8b6e8cecdd38408ccecdd38408cd1474fea5e5ed5f7ed5f71fcae3420b4509b227239865ecff3ffe8b6e8cecdd38408ccecdd38408cd1474fea5e5ed5f7ed5f71fcae3420b4509b227239865ecff3ffe8b6e8cecdd38408ccecdd38408cd1474fea5e5ed5f7ed5f71fcae3420b4509b227239865ecff3ffe8b6e8cecdd38408c509b227239865ecff3ffe8b6e8cecdd38408cd1474fea5e55ecff3ffe8b6e8cecdd38408cd1474fea5e5ed5f71fcae3420b4509b2ed5cecdd38408cd1474fea5e5ed5f7ed5f71fcae3420b4509b227239865ecff3ffe8b6e8cecdd38408cf71fcae3420b4509b227239865ecff3ffe8b6e8cecdd38408cd1474fea5e527239865ecff3ffe8b6e8cecdd38408cded5f71fcae3420b4509b22723ed5f71fcae3420b4509b227239865ecff3ffe8b6e8cecdd38408cd1474fea5e5ed5f71fcae3420b4509b227239865ecff3ffe8b6eed5f71fcae3420b4509b227239865ecff3ffe8b6e8cecdd38408cd1474fea5e58cecdd38408cd1474fea5e5ed5f71fcae3420b4509b22ed5f71fcae3420b4509b227239865ecff3ffe8b6e8cecdd38408cd1474fea5e57239865ecff3ffe8b6e8cecdd38408cd1474fea5e5ed5f71fcae3420b4509b227239865ecff3ffe8b6e8cecdd38408cd1474fea5e5ed5f71fcae3420b4509b227239865ecff3ffe8b6e8cecdd38408cd1474fea5e5ed5f71fcae3420b4509b227239865ecff3ffe8b6e8cecdd38408cd1474fea5e5ed5f71fcae3420b4509b227239865ecff3ffe8b6e8ceed5f71fcae3420b4509b227239865ecff3ffe8b6e8cecdd38408cd1474fea5e5cdd38408cd1474fea5e5ed5f71fcae3420b4509b227239865ecff3ffe8b6e8cecdd38408cd1474fea5e5ed5f71fcae3420b4509b227239865ecff3ffe8b6e8cecdd38408cd1474fea5e59865ecff3ffe8b6e8ceced5f71fcae3420b4509b227239865ecff3ffe8b6e8cecdd38408cd1474fea5e5dd38408cd1474fea5e5ed5f71fcae3420b4509b227239865ecff3ffe8b6e8cecdd38408cd1474fea5e51474fea5e57239865ecff3ffeed5f71fcae3420b4509b227239865ecff3ffe8b6e8cecdd38408cd1474fea5e58b6e8cecdd38408cd1474fea5e5 test FileLog  694
[34m2019-01-07 11:47:57.494 JST [FileLog] main -> INFO 2b8[0m ed5f71fcae3420b4509b227239865ecff3ffe8b6e8cecdd38408cd1474fea5e5ed5f71fcae3420b4509b227239865ecff3ffe8b6e8cecdd38408cd1474fea5e5ed5f71fcae3420b4509b227239865ecff3ffe8b6e8cecdd38408cd1474fea5e5ed5f71fcae3420b4509b227239865ecff3ffe8b6e8cecdd38408cd1474fea5e5ed5f7ed5f71fcae3420b4509b227239865ecff3ffe8b6e8cecdd38408cd1474fea5e51fcae3420b4509b22ed5f71fcae3420b4509b22723986ed5f71fcae3420b4cecdd38408cd1474fea5e5ed5f7ed5f71fcae3420b4509b227239865ecff3ffe8b6e8cecdd38408ccecdd38408cd1474fea5e5ed5f7ed5f71fcae3420b4509b227239865ecff3ffe8b6e8cecdd38408ccecdd38408cd1474fea5e5ed5f7ed5f71fcae3420b4509b227239865ecff3ffe8b6e8cecdd38408ccecdd38408cd1474fea5e5ed5f7ed5f71fcae3420b4509b227239865ecff3ffe8b6e8cecdd38408ccecdd38408cd1474fea5e5ed5f7ed5f71fcae3420b4509b227239865ecff3ffe8b6e8cecdd38408ccecdd38408cd1474fea5e5ed5f7ed5f71fcae3420b4509b227239865ecff3ffe8b6e8cecdd38408ccecdd38408cd1474fea5e5ed5f7ed5f71fcae3420b4509b227239865ecff3ffe8b6e8cecdd38408ccecdd38408cd1474fea5e5ed5f7ed5f71fcae3420b4509b227239865ecff3ffe8b6e8cecdd38408ccecdd38408cd1474fea5e5ed5f7ed5f71fcae3420b4509b227239865ecff3ffe8b6e8cecdd38408ccecdd38408cd1474fea5e5ed5f7ed5f71fcae3420b4509b227239865ecff3ffe8b6e8cecdd38408ccecdd38408cd1474fea5e5ed5f7ed5f71fcae3420b4509b227239865ecff3ffe8b6e8cecdd38408ccecdd38408cd1474fea5e5ed5f7ed5f71fcae3420b4509b227239865ecff3ffe8b6e8cecdd38408ccecdd38408cd1474fea5e5ed5f7ed5f71fcae3420b4509b227239865ecff3ffe8b6e8cecdd38408ccecdd38408cd1474fea5e5ed5f7ed5f71fcae3420b4509b227239865ecff3ffe8b6e8cecdd38408ccecdd38408cd1474fea5e5ed5f7ed5f71fcae3420b4509b227239865ecff3ffe8b6e8cecdd38408c509b227239865ecff3ffe8b6e8cecdd38408cd1474fea5e55ecff3ffe8b6e8cecdd38408cd1474fea5e5ed5f71fcae3420b4509b2ed5cecdd38408cd1474fea5e5ed5f7ed5f71fcae3420b4509b227239865ecff3ffe8b6e8cecdd38408cf71fcae3420b4509b227239865ecff3ffe8b6e8cecdd38408cd1474fea5e527239865ecff3ffe8b6e8cecdd38408cded5f71fcae3420b4509b22723ed5f71fcae3420b4509b227239865ecff3ffe8b6e8cecdd38408cd1474fea5e5ed5f71fcae3420b4509b227239865ecff3ffe8b6eed5f71fcae3420b4509b227239865ecff3ffe8b6e8cecdd38408cd1474fea5e58cecdd38408cd1474fea5e5ed5f71fcae3420b4509b22ed5f71fcae3420b4509b227239865ecff3ffe8b6e8cecdd38408cd1474fea5e57239865ecff3ffe8b6e8cecdd38408cd1474fea5e5ed5f71fcae3420b4509b227239865ecff3ffe8b6e8cecdd38408cd1474fea5e5ed5f71fcae3420b4509b227239865ecff3ffe8b6e8cecdd38408cd1474fea5e5ed5f71fcae3420b4509b227239865ecff3ffe8b6e8cecdd38408cd1474fea5e5ed5f71fcae3420b4509b227239865ecff3ffe8b6e8ceed5f71fcae3420b4509b227239865ecff3ffe8b6e8cecdd38408cd1474fea5e5cdd38408cd1474fea5e5ed5f71fcae3420b4509b227239865ecff3ffe8b6e8cecdd38408cd1474fea5e5ed5f71fcae3420b4509b227239865ecff3ffe8b6e8cecdd38408cd1474fea5e59865ecff3ffe8b6e8ceced5f71fcae3420b4509b227239865ecff3ffe8b6e8cecdd38408cd1474fea5e5dd38408cd1474fea5e5ed5f71fcae3420b4509b227239865ecff3ffe8b6e8cecdd38408cd1474fea5e51474fea5e57239865ecff3ffeed5f71fcae3420b4509b227239865ecff3ffe8b6e8cecdd38408cd1474fea5e58b6e8cecdd38408cd1474fea5e5 test FileLog  695
[34m2019-01-07 11:47:58.495 JST [FileLog] main -> INFO 2b9[0m ed5f71fcae3420b4509b227239865ecff3ffe8b6e8cecdd38408cd1474fea5e5ed5f71fcae3420b4509b227239865ecff3ffe8b6e8cecdd38408cd1474fea5e5ed5f71fcae3420b4509b227239865ecff3ffe8b6e8cecdd38408cd1474fea5e5ed5f71fcae3420b4509b227239865ecff3ffe8b6e8cecdd38408cd1474fea5e5ed5f7ed5f71fcae3420b4509b227239865ecff3ffe8b6e8cecdd38408cd1474fea5e51fcae3420b4509b22ed5f71fcae3420b4509b22723986ed5f71fcae3420b4cecdd38408cd1474fea5e5ed5f7ed5f71fcae3420b4509b227239865ecff3ffe8b6e8cecdd38408ccecdd38408cd1474fea5e5ed5f7ed5f71fcae3420b4509b227239865ecff3ffe8b6e8cecdd38408ccecdd38408cd1474fea5e5ed5f7ed5f71fcae3420b4509b227239865ecff3ffe8b6e8cecdd38408ccecdd38408cd1474fea5e5ed5f7ed5f71fcae3420b4509b227239865ecff3ffe8b6e8cecdd38408ccecdd38408cd1474fea5e5ed5f7ed5f71fcae3420b4509b227239865ecff3ffe8b6e8cecdd38408ccecdd38408cd1474fea5e5ed5f7ed5f71fcae3420b4509b227239865ecff3ffe8b6e8cecdd38408ccecdd38408cd1474fea5e5ed5f7ed5f71fcae3420b4509b227239865ecff3ffe8b6e8cecdd38408ccecdd38408cd1474fea5e5ed5f7ed5f71fcae3420b4509b227239865ecff3ffe8b6e8cecdd38408ccecdd38408cd1474fea5e5ed5f7ed5f71fcae3420b4509b227239865ecff3ffe8b6e8cecdd38408ccecdd38408cd1474fea5e5ed5f7ed5f71fcae3420b4509b227239865ecff3ffe8b6e8cecdd38408ccecdd38408cd1474fea5e5ed5f7ed5f71fcae3420b4509b227239865ecff3ffe8b6e8cecdd38408ccecdd38408cd1474fea5e5ed5f7ed5f71fcae3420b4509b227239865ecff3ffe8b6e8cecdd38408ccecdd38408cd1474fea5e5ed5f7ed5f71fcae3420b4509b227239865ecff3ffe8b6e8cecdd38408ccecdd38408cd1474fea5e5ed5f7ed5f71fcae3420b4509b227239865ecff3ffe8b6e8cecdd38408ccecdd38408cd1474fea5e5ed5f7ed5f71fcae3420b4509b227239865ecff3ffe8b6e8cecdd38408c509b227239865ecff3ffe8b6e8cecdd38408cd1474fea5e55ecff3ffe8b6e8cecdd38408cd1474fea5e5ed5f71fcae3420b4509b2ed5cecdd38408cd1474fea5e5ed5f7ed5f71fcae3420b4509b227239865ecff3ffe8b6e8cecdd38408cf71fcae3420b4509b227239865ecff3ffe8b6e8cecdd38408cd1474fea5e527239865ecff3ffe8b6e8cecdd38408cded5f71fcae3420b4509b22723ed5f71fcae3420b4509b227239865ecff3ffe8b6e8cecdd38408cd1474fea5e5ed5f71fcae3420b4509b227239865ecff3ffe8b6eed5f71fcae3420b4509b227239865ecff3ffe8b6e8cecdd38408cd1474fea5e58cecdd38408cd1474fea5e5ed5f71fcae3420b4509b22ed5f71fcae3420b4509b227239865ecff3ffe8b6e8cecdd38408cd1474fea5e57239865ecff3ffe8b6e8cecdd38408cd1474fea5e5ed5f71fcae3420b4509b227239865ecff3ffe8b6e8cecdd38408cd1474fea5e5ed5f71fcae3420b4509b227239865ecff3ffe8b6e8cecdd38408cd1474fea5e5ed5f71fcae3420b4509b227239865ecff3ffe8b6e8cecdd38408cd1474fea5e5ed5f71fcae3420b4509b227239865ecff3ffe8b6e8ceed5f71fcae3420b4509b227239865ecff3ffe8b6e8cecdd38408cd1474fea5e5cdd38408cd1474fea5e5ed5f71fcae3420b4509b227239865ecff3ffe8b6e8cecdd38408cd1474fea5e5ed5f71fcae3420b4509b227239865ecff3ffe8b6e8cecdd38408cd1474fea5e59865ecff3ffe8b6e8ceced5f71fcae3420b4509b227239865ecff3ffe8b6e8cecdd38408cd1474fea5e5dd38408cd1474fea5e5ed5f71fcae3420b4509b227239865ecff3ffe8b6e8cecdd38408cd1474fea5e51474fea5e57239865ecff3ffeed5f71fcae3420b4509b227239865ecff3ffe8b6e8cecdd38408cd1474fea5e58b6e8cecdd38408cd1474fea5e5 test FileLog  696
[34m2019-01-07 11:47:59.495 JST [FileLog] main -> INFO 2ba[0m ed5f71fcae3420b4509b227239865ecff3ffe8b6e8cecdd38408cd1474fea5e5ed5f71fcae3420b4509b227239865ecff3ffe8b6e8cecdd38408cd1474fea5e5ed5f71fcae3420b4509b227239865ecff3ffe8b6e8cecdd38408cd1474fea5e5ed5f71fcae3420b4509b227239865ecff3ffe8b6e8cecdd38408cd1474fea5e5ed5f7ed5f71fcae3420b4509b227239865ecff3ffe8b6e8cecdd38408cd1474fea5e51fcae3420b4509b22ed5f71fcae3420b4509b22723986ed5f71fcae3420b4cecdd38408cd1474fea5e5ed5f7ed5f71fcae3420b4509b227239865ecff3ffe8b6e8cecdd38408ccecdd38408cd1474fea5e5ed5f7ed5f71fcae3420b4509b227239865ecff3ffe8b6e8cecdd38408ccecdd38408cd1474fea5e5ed5f7ed5f71fcae3420b4509b227239865ecff3ffe8b6e8cecdd38408ccecdd38408cd1474fea5e5ed5f7ed5f71fcae3420b4509b227239865ecff3ffe8b6e8cecdd38408ccecdd38408cd1474fea5e5ed5f7ed5f71fcae3420b4509b227239865ecff3ffe8b6e8cecdd38408ccecdd38408cd1474fea5e5ed5f7ed5f71fcae3420b4509b227239865ecff3ffe8b6e8cecdd38408ccecdd38408cd1474fea5e5ed5f7ed5f71fcae3420b4509b227239865ecff3ffe8b6e8cecdd38408ccecdd38408cd1474fea5e5ed5f7ed5f71fcae3420b4509b227239865ecff3ffe8b6e8cecdd38408ccecdd38408cd1474fea5e5ed5f7ed5f71fcae3420b4509b227239865ecff3ffe8b6e8cecdd38408ccecdd38408cd1474fea5e5ed5f7ed5f71fcae3420b4509b227239865ecff3ffe8b6e8cecdd38408ccecdd38408cd1474fea5e5ed5f7ed5f71fcae3420b4509b227239865ecff3ffe8b6e8cecdd38408ccecdd38408cd1474fea5e5ed5f7ed5f71fcae3420b4509b227239865ecff3ffe8b6e8cecdd38408ccecdd38408cd1474fea5e5ed5f7ed5f71fcae3420b4509b227239865ecff3ffe8b6e8cecdd38408ccecdd38408cd1474fea5e5ed5f7ed5f71fcae3420b4509b227239865ecff3ffe8b6e8cecdd38408ccecdd38408cd1474fea5e5ed5f7ed5f71fcae3420b4509b227239865ecff3ffe8b6e8cecdd38408c509b227239865ecff3ffe8b6e8cecdd38408cd1474fea5e55ecff3ffe8b6e8cecdd38408cd1474fea5e5ed5f71fcae3420b4509b2ed5cecdd38408cd1474fea5e5ed5f7ed5f71fcae3420b4509b227239865ecff3ffe8b6e8cecdd38408cf71fcae3420b4509b227239865ecff3ffe8b6e8cecdd38408cd1474fea5e527239865ecff3ffe8b6e8cecdd38408cded5f71fcae3420b4509b22723ed5f71fcae3420b4509b227239865ecff3ffe8b6e8cecdd38408cd1474fea5e5ed5f71fcae3420b4509b227239865ecff3ffe8b6eed5f71fcae3420b4509b227239865ecff3ffe8b6e8cecdd38408cd1474fea5e58cecdd38408cd1474fea5e5ed5f71fcae3420b4509b22ed5f71fcae3420b4509b227239865ecff3ffe8b6e8cecdd38408cd1474fea5e57239865ecff3ffe8b6e8cecdd38408cd1474fea5e5ed5f71fcae3420b4509b227239865ecff3ffe8b6e8cecdd38408cd1474fea5e5ed5f71fcae3420b4509b227239865ecff3ffe8b6e8cecdd38408cd1474fea5e5ed5f71fcae3420b4509b227239865ecff3ffe8b6e8cecdd38408cd1474fea5e5ed5f71fcae3420b4509b227239865ecff3ffe8b6e8ceed5f71fcae3420b4509b227239865ecff3ffe8b6e8cecdd38408cd1474fea5e5cdd38408cd1474fea5e5ed5f71fcae3420b4509b227239865ecff3ffe8b6e8cecdd38408cd1474fea5e5ed5f71fcae3420b4509b227239865ecff3ffe8b6e8cecdd38408cd1474fea5e59865ecff3ffe8b6e8ceced5f71fcae3420b4509b227239865ecff3ffe8b6e8cecdd38408cd1474fea5e5dd38408cd1474fea5e5ed5f71fcae3420b4509b227239865ecff3ffe8b6e8cecdd38408cd1474fea5e51474fea5e57239865ecff3ffeed5f71fcae3420b4509b227239865ecff3ffe8b6e8cecdd38408cd1474fea5e58b6e8cecdd38408cd1474fea5e5 test FileLog  697
[34m2019-01-07 11:48:00.496 JST [FileLog] main -> INFO 2bb[0m ed5f71fcae3420b4509b227239865ecff3ffe8b6e8cecdd38408cd1474fea5e5ed5f71fcae3420b4509b227239865ecff3ffe8b6e8cecdd38408cd1474fea5e5ed5f71fcae3420b4509b227239865ecff3ffe8b6e8cecdd38408cd1474fea5e5ed5f71fcae3420b4509b227239865ecff3ffe8b6e8cecdd38408cd1474fea5e5ed5f7ed5f71fcae3420b4509b227239865ecff3ffe8b6e8cecdd38408cd1474fea5e51fcae3420b4509b22ed5f71fcae3420b4509b22723986ed5f71fcae3420b4cecdd38408cd1474fea5e5ed5f7ed5f71fcae3420b4509b227239865ecff3ffe8b6e8cecdd38408ccecdd38408cd1474fea5e5ed5f7ed5f71fcae3420b4509b227239865ecff3ffe8b6e8cecdd38408ccecdd38408cd1474fea5e5ed5f7ed5f71fcae3420b4509b227239865ecff3ffe8b6e8cecdd38408ccecdd38408cd1474fea5e5ed5f7ed5f71fcae3420b4509b227239865ecff3ffe8b6e8cecdd38408ccecdd38408cd1474fea5e5ed5f7ed5f71fcae3420b4509b227239865ecff3ffe8b6e8cecdd38408ccecdd38408cd1474fea5e5ed5f7ed5f71fcae3420b4509b227239865ecff3ffe8b6e8cecdd38408ccecdd38408cd1474fea5e5ed5f7ed5f71fcae3420b4509b227239865ecff3ffe8b6e8cecdd38408ccecdd38408cd1474fea5e5ed5f7ed5f71fcae3420b4509b227239865ecff3ffe8b6e8cecdd38408ccecdd38408cd1474fea5e5ed5f7ed5f71fcae3420b4509b227239865ecff3ffe8b6e8cecdd38408ccecdd38408cd1474fea5e5ed5f7ed5f71fcae3420b4509b227239865ecff3ffe8b6e8cecdd38408ccecdd38408cd1474fea5e5ed5f7ed5f71fcae3420b4509b227239865ecff3ffe8b6e8cecdd38408ccecdd38408cd1474fea5e5ed5f7ed5f71fcae3420b4509b227239865ecff3ffe8b6e8cecdd38408ccecdd38408cd1474fea5e5ed5f7ed5f71fcae3420b4509b227239865ecff3ffe8b6e8cecdd38408ccecdd38408cd1474fea5e5ed5f7ed5f71fcae3420b4509b227239865ecff3ffe8b6e8cecdd38408ccecdd38408cd1474fea5e5ed5f7ed5f71fcae3420b4509b227239865ecff3ffe8b6e8cecdd38408c509b227239865ecff3ffe8b6e8cecdd38408cd1474fea5e55ecff3ffe8b6e8cecdd38408cd1474fea5e5ed5f71fcae3420b4509b2ed5cecdd38408cd1474fea5e5ed5f7ed5f71fcae3420b4509b227239865ecff3ffe8b6e8cecdd38408cf71fcae3420b4509b227239865ecff3ffe8b6e8cecdd38408cd1474fea5e527239865ecff3ffe8b6e8cecdd38408cded5f71fcae3420b4509b22723ed5f71fcae3420b4509b227239865ecff3ffe8b6e8cecdd38408cd1474fea5e5ed5f71fcae3420b4509b227239865ecff3ffe8b6eed5f71fcae3420b4509b227239865ecff3ffe8b6e8cecdd38408cd1474fea5e58cecdd38408cd1474fea5e5ed5f71fcae3420b4509b22ed5f71fcae3420b4509b227239865ecff3ffe8b6e8cecdd38408cd1474fea5e57239865ecff3ffe8b6e8cecdd38408cd1474fea5e5ed5f71fcae3420b4509b227239865ecff3ffe8b6e8cecdd38408cd1474fea5e5ed5f71fcae3420b4509b227239865ecff3ffe8b6e8cecdd38408cd1474fea5e5ed5f71fcae3420b4509b227239865ecff3ffe8b6e8cecdd38408cd1474fea5e5ed5f71fcae3420b4509b227239865ecff3ffe8b6e8ceed5f71fcae3420b4509b227239865ecff3ffe8b6e8cecdd38408cd1474fea5e5cdd38408cd1474fea5e5ed5f71fcae3420b4509b227239865ecff3ffe8b6e8cecdd38408cd1474fea5e5ed5f71fcae3420b4509b227239865ecff3ffe8b6e8cecdd38408cd1474fea5e59865ecff3ffe8b6e8ceced5f71fcae3420b4509b227239865ecff3ffe8b6e8cecdd38408cd1474fea5e5dd38408cd1474fea5e5ed5f71fcae3420b4509b227239865ecff3ffe8b6e8cecdd38408cd1474fea5e51474fea5e57239865ecff3ffeed5f71fcae3420b4509b227239865ecff3ffe8b6e8cecdd38408cd1474fea5e58b6e8cecdd38408cd1474fea5e5 test FileLog  698
[34m2019-01-07 11:48:01.497 JST [FileLog] main -> INFO 2bc[0m ed5f71fcae3420b4509b227239865ecff3ffe8b6e8cecdd38408cd1474fea5e5ed5f71fcae3420b4509b227239865ecff3ffe8b6e8cecdd38408cd1474fea5e5ed5f71fcae3420b4509b227239865ecff3ffe8b6e8cecdd38408cd1474fea5e5ed5f71fcae3420b4509b227239865ecff3ffe8b6e8cecdd38408cd1474fea5e5ed5f7ed5f71fcae3420b4509b227239865ecff3ffe8b6e8cecdd38408cd1474fea5e51fcae3420b4509b22ed5f71fcae3420b4509b22723986ed5f71fcae3420b4cecdd38408cd1474fea5e5ed5f7ed5f71fcae3420b4509b227239865ecff3ffe8b6e8cecdd38408ccecdd38408cd1474fea5e5ed5f7ed5f71fcae3420b4509b227239865ecff3ffe8b6e8cecdd38408ccecdd38408cd1474fea5e5ed5f7ed5f71fcae3420b4509b227239865ecff3ffe8b6e8cecdd38408ccecdd38408cd1474fea5e5ed5f7ed5f71fcae3420b4509b227239865ecff3ffe8b6e8cecdd38408ccecdd38408cd1474fea5e5ed5f7ed5f71fcae3420b4509b227239865ecff3ffe8b6e8cecdd38408ccecdd38408cd1474fea5e5ed5f7ed5f71fcae3420b4509b227239865ecff3ffe8b6e8cecdd38408ccecdd38408cd1474fea5e5ed5f7ed5f71fcae3420b4509b227239865ecff3ffe8b6e8cecdd38408ccecdd38408cd1474fea5e5ed5f7ed5f71fcae3420b4509b227239865ecff3ffe8b6e8cecdd38408ccecdd38408cd1474fea5e5ed5f7ed5f71fcae3420b4509b227239865ecff3ffe8b6e8cecdd38408ccecdd38408cd1474fea5e5ed5f7ed5f71fcae3420b4509b227239865ecff3ffe8b6e8cecdd38408ccecdd38408cd1474fea5e5ed5f7ed5f71fcae3420b4509b227239865ecff3ffe8b6e8cecdd38408ccecdd38408cd1474fea5e5ed5f7ed5f71fcae3420b4509b227239865ecff3ffe8b6e8cecdd38408ccecdd38408cd1474fea5e5ed5f7ed5f71fcae3420b4509b227239865ecff3ffe8b6e8cecdd38408ccecdd38408cd1474fea5e5ed5f7ed5f71fcae3420b4509b227239865ecff3ffe8b6e8cecdd38408ccecdd38408cd1474fea5e5ed5f7ed5f71fcae3420b4509b227239865ecff3ffe8b6e8cecdd38408c509b227239865ecff3ffe8b6e8cecdd38408cd1474fea5e55ecff3ffe8b6e8cecdd38408cd1474fea5e5ed5f71fcae3420b4509b2ed5cecdd38408cd1474fea5e5ed5f7ed5f71fcae3420b4509b227239865ecff3ffe8b6e8cecdd38408cf71fcae3420b4509b227239865ecff3ffe8b6e8cecdd38408cd1474fea5e527239865ecff3ffe8b6e8cecdd38408cded5f71fcae3420b4509b22723ed5f71fcae3420b4509b227239865ecff3ffe8b6e8cecdd38408cd1474fea5e5ed5f71fcae3420b4509b227239865ecff3ffe8b6eed5f71fcae3420b4509b227239865ecff3ffe8b6e8cecdd38408cd1474fea5e58cecdd38408cd1474fea5e5ed5f71fcae3420b4509b22ed5f71fcae3420b4509b227239865ecff3ffe8b6e8cecdd38408cd1474fea5e57239865ecff3ffe8b6e8cecdd38408cd1474fea5e5ed5f71fcae3420b4509b227239865ecff3ffe8b6e8cecdd38408cd1474fea5e5ed5f71fcae3420b4509b227239865ecff3ffe8b6e8cecdd38408cd1474fea5e5ed5f71fcae3420b4509b227239865ecff3ffe8b6e8cecdd38408cd1474fea5e5ed5f71fcae3420b4509b227239865ecff3ffe8b6e8ceed5f71fcae3420b4509b227239865ecff3ffe8b6e8cecdd38408cd1474fea5e5cdd38408cd1474fea5e5ed5f71fcae3420b4509b227239865ecff3ffe8b6e8cecdd38408cd1474fea5e5ed5f71fcae3420b4509b227239865ecff3ffe8b6e8cecdd38408cd1474fea5e59865ecff3ffe8b6e8ceced5f71fcae3420b4509b227239865ecff3ffe8b6e8cecdd38408cd1474fea5e5dd38408cd1474fea5e5ed5f71fcae3420b4509b227239865ecff3ffe8b6e8cecdd38408cd1474fea5e51474fea5e57239865ecff3ffeed5f71fcae3420b4509b227239865ecff3ffe8b6e8cecdd38408cd1474fea5e58b6e8cecdd38408cd1474fea5e5 test FileLog  699
[34m2019-01-07 11:48:02.498 JST [FileLog] main -> INFO 2bd[0m ed5f71fcae3420b4509b227239865ecff3ffe8b6e8cecdd38408cd1474fea5e5ed5f71fcae3420b4509b227239865ecff3ffe8b6e8cecdd38408cd1474fea5e5ed5f71fcae3420b4509b227239865ecff3ffe8b6e8cecdd38408cd1474fea5e5ed5f71fcae3420b4509b227239865ecff3ffe8b6e8cecdd38408cd1474fea5e5ed5f7ed5f71fcae3420b4509b227239865ecff3ffe8b6e8cecdd38408cd1474fea5e51fcae3420b4509b22ed5f71fcae3420b4509b22723986ed5f71fcae3420b4cecdd38408cd1474fea5e5ed5f7ed5f71fcae3420b4509b227239865ecff3ffe8b6e8cecdd38408ccecdd38408cd1474fea5e5ed5f7ed5f71fcae3420b4509b227239865ecff3ffe8b6e8cecdd38408ccecdd38408cd1474fea5e5ed5f7ed5f71fcae3420b4509b227239865ecff3ffe8b6e8cecdd38408ccecdd38408cd1474fea5e5ed5f7ed5f71fcae3420b4509b227239865ecff3ffe8b6e8cecdd38408ccecdd38408cd1474fea5e5ed5f7ed5f71fcae3420b4509b227239865ecff3ffe8b6e8cecdd38408ccecdd38408cd1474fea5e5ed5f7ed5f71fcae3420b4509b227239865ecff3ffe8b6e8cecdd38408ccecdd38408cd1474fea5e5ed5f7ed5f71fcae3420b4509b227239865ecff3ffe8b6e8cecdd38408ccecdd38408cd1474fea5e5ed5f7ed5f71fcae3420b4509b227239865ecff3ffe8b6e8cecdd38408ccecdd38408cd1474fea5e5ed5f7ed5f71fcae3420b4509b227239865ecff3ffe8b6e8cecdd38408ccecdd38408cd1474fea5e5ed5f7ed5f71fcae3420b4509b227239865ecff3ffe8b6e8cecdd38408ccecdd38408cd1474fea5e5ed5f7ed5f71fcae3420b4509b227239865ecff3ffe8b6e8cecdd38408ccecdd38408cd1474fea5e5ed5f7ed5f71fcae3420b4509b227239865ecff3ffe8b6e8cecdd38408ccecdd38408cd1474fea5e5ed5f7ed5f71fcae3420b4509b227239865ecff3ffe8b6e8cecdd38408ccecdd38408cd1474fea5e5ed5f7ed5f71fcae3420b4509b227239865ecff3ffe8b6e8cecdd38408ccecdd38408cd1474fea5e5ed5f7ed5f71fcae3420b4509b227239865ecff3ffe8b6e8cecdd38408c509b227239865ecff3ffe8b6e8cecdd38408cd1474fea5e55ecff3ffe8b6e8cecdd38408cd1474fea5e5ed5f71fcae3420b4509b2ed5cecdd38408cd1474fea5e5ed5f7ed5f71fcae3420b4509b227239865ecff3ffe8b6e8cecdd38408cf71fcae3420b4509b227239865ecff3ffe8b6e8cecdd38408cd1474fea5e527239865ecff3ffe8b6e8cecdd38408cded5f71fcae3420b4509b22723ed5f71fcae3420b4509b227239865ecff3ffe8b6e8cecdd38408cd1474fea5e5ed5f71fcae3420b4509b227239865ecff3ffe8b6eed5f71fcae3420b4509b227239865ecff3ffe8b6e8cecdd38408cd1474fea5e58cecdd38408cd1474fea5e5ed5f71fcae3420b4509b22ed5f71fcae3420b4509b227239865ecff3ffe8b6e8cecdd38408cd1474fea5e57239865ecff3ffe8b6e8cecdd38408cd1474fea5e5ed5f71fcae3420b4509b227239865ecff3ffe8b6e8cecdd38408cd1474fea5e5ed5f71fcae3420b4509b227239865ecff3ffe8b6e8cecdd38408cd1474fea5e5ed5f71fcae3420b4509b227239865ecff3ffe8b6e8cecdd38408cd1474fea5e5ed5f71fcae3420b4509b227239865ecff3ffe8b6e8ceed5f71fcae3420b4509b227239865ecff3ffe8b6e8cecdd38408cd1474fea5e5cdd38408cd1474fea5e5ed5f71fcae3420b4509b227239865ecff3ffe8b6e8cecdd38408cd1474fea5e5ed5f71fcae3420b4509b227239865ecff3ffe8b6e8cecdd38408cd1474fea5e59865ecff3ffe8b6e8ceced5f71fcae3420b4509b227239865ecff3ffe8b6e8cecdd38408cd1474fea5e5dd38408cd1474fea5e5ed5f71fcae3420b4509b227239865ecff3ffe8b6e8cecdd38408cd1474fea5e51474fea5e57239865ecff3ffeed5f71fcae3420b4509b227239865ecff3ffe8b6e8cecdd38408cd1474fea5e58b6e8cecdd38408cd1474fea5e5 test FileLog  700
[34m2019-01-07 11:48:03.499 JST [FileLog] main -> INFO 2be[0m ed5f71fcae3420b4509b227239865ecff3ffe8b6e8cecdd38408cd1474fea5e5ed5f71fcae3420b4509b227239865ecff3ffe8b6e8cecdd38408cd1474fea5e5ed5f71fcae3420b4509b227239865ecff3ffe8b6e8cecdd38408cd1474fea5e5ed5f71fcae3420b4509b227239865ecff3ffe8b6e8cecdd38408cd1474fea5e5ed5f7ed5f71fcae3420b4509b227239865ecff3ffe8b6e8cecdd38408cd1474fea5e51fcae3420b4509b22ed5f71fcae3420b4509b22723986ed5f71fcae3420b4cecdd38408cd1474fea5e5ed5f7ed5f71fcae3420b4509b227239865ecff3ffe8b6e8cecdd38408ccecdd38408cd1474fea5e5ed5f7ed5f71fcae3420b4509b227239865ecff3ffe8b6e8cecdd38408ccecdd38408cd1474fea5e5ed5f7ed5f71fcae3420b4509b227239865ecff3ffe8b6e8cecdd38408ccecdd38408cd1474fea5e5ed5f7ed5f71fcae3420b4509b227239865ecff3ffe8b6e8cecdd38408ccecdd38408cd1474fea5e5ed5f7ed5f71fcae3420b4509b227239865ecff3ffe8b6e8cecdd38408ccecdd38408cd1474fea5e5ed5f7ed5f71fcae3420b4509b227239865ecff3ffe8b6e8cecdd38408ccecdd38408cd1474fea5e5ed5f7ed5f71fcae3420b4509b227239865ecff3ffe8b6e8cecdd38408ccecdd38408cd1474fea5e5ed5f7ed5f71fcae3420b4509b227239865ecff3ffe8b6e8cecdd38408ccecdd38408cd1474fea5e5ed5f7ed5f71fcae3420b4509b227239865ecff3ffe8b6e8cecdd38408ccecdd38408cd1474fea5e5ed5f7ed5f71fcae3420b4509b227239865ecff3ffe8b6e8cecdd38408ccecdd38408cd1474fea5e5ed5f7ed5f71fcae3420b4509b227239865ecff3ffe8b6e8cecdd38408ccecdd38408cd1474fea5e5ed5f7ed5f71fcae3420b4509b227239865ecff3ffe8b6e8cecdd38408ccecdd38408cd1474fea5e5ed5f7ed5f71fcae3420b4509b227239865ecff3ffe8b6e8cecdd38408ccecdd38408cd1474fea5e5ed5f7ed5f71fcae3420b4509b227239865ecff3ffe8b6e8cecdd38408ccecdd38408cd1474fea5e5ed5f7ed5f71fcae3420b4509b227239865ecff3ffe8b6e8cecdd38408c509b227239865ecff3ffe8b6e8cecdd38408cd1474fea5e55ecff3ffe8b6e8cecdd38408cd1474fea5e5ed5f71fcae3420b4509b2ed5cecdd38408cd1474fea5e5ed5f7ed5f71fcae3420b4509b227239865ecff3ffe8b6e8cecdd38408cf71fcae3420b4509b227239865ecff3ffe8b6e8cecdd38408cd1474fea5e527239865ecff3ffe8b6e8cecdd38408cded5f71fcae3420b4509b22723ed5f71fcae3420b4509b227239865ecff3ffe8b6e8cecdd38408cd1474fea5e5ed5f71fcae3420b4509b227239865ecff3ffe8b6eed5f71fcae3420b4509b227239865ecff3ffe8b6e8cecdd38408cd1474fea5e58cecdd38408cd1474fea5e5ed5f71fcae3420b4509b22ed5f71fcae3420b4509b227239865ecff3ffe8b6e8cecdd38408cd1474fea5e57239865ecff3ffe8b6e8cecdd38408cd1474fea5e5ed5f71fcae3420b4509b227239865ecff3ffe8b6e8cecdd38408cd1474fea5e5ed5f71fcae3420b4509b227239865ecff3ffe8b6e8cecdd38408cd1474fea5e5ed5f71fcae3420b4509b227239865ecff3ffe8b6e8cecdd38408cd1474fea5e5ed5f71fcae3420b4509b227239865ecff3ffe8b6e8ceed5f71fcae3420b4509b227239865ecff3ffe8b6e8cecdd38408cd1474fea5e5cdd38408cd1474fea5e5ed5f71fcae3420b4509b227239865ecff3ffe8b6e8cecdd38408cd1474fea5e5ed5f71fcae3420b4509b227239865ecff3ffe8b6e8cecdd38408cd1474fea5e59865ecff3ffe8b6e8ceced5f71fcae3420b4509b227239865ecff3ffe8b6e8cecdd38408cd1474fea5e5dd38408cd1474fea5e5ed5f71fcae3420b4509b227239865ecff3ffe8b6e8cecdd38408cd1474fea5e51474fea5e57239865ecff3ffeed5f71fcae3420b4509b227239865ecff3ffe8b6e8cecdd38408cd1474fea5e58b6e8cecdd38408cd1474fea5e5 test FileLog  701
[34m2019-01-07 11:48:04.501 JST [FileLog] main -> INFO 2bf[0m ed5f71fcae3420b4509b227239865ecff3ffe8b6e8cecdd38408cd1474fea5e5ed5f71fcae3420b4509b227239865ecff3ffe8b6e8cecdd38408cd1474fea5e5ed5f71fcae3420b4509b227239865ecff3ffe8b6e8cecdd38408cd1474fea5e5ed5f71fcae3420b4509b227239865ecff3ffe8b6e8cecdd38408cd1474fea5e5ed5f7ed5f71fcae3420b4509b227239865ecff3ffe8b6e8cecdd38408cd1474fea5e51fcae3420b4509b22ed5f71fcae3420b4509b22723986ed5f71fcae3420b4cecdd38408cd1474fea5e5ed5f7ed5f71fcae3420b4509b227239865ecff3ffe8b6e8cecdd38408ccecdd38408cd1474fea5e5ed5f7ed5f71fcae3420b4509b227239865ecff3ffe8b6e8cecdd38408ccecdd38408cd1474fea5e5ed5f7ed5f71fcae3420b4509b227239865ecff3ffe8b6e8cecdd38408ccecdd38408cd1474fea5e5ed5f7ed5f71fcae3420b4509b227239865ecff3ffe8b6e8cecdd38408ccecdd38408cd1474fea5e5ed5f7ed5f71fcae3420b4509b227239865ecff3ffe8b6e8cecdd38408ccecdd38408cd1474fea5e5ed5f7ed5f71fcae3420b4509b227239865ecff3ffe8b6e8cecdd38408ccecdd38408cd1474fea5e5ed5f7ed5f71fcae3420b4509b227239865ecff3ffe8b6e8cecdd38408ccecdd38408cd1474fea5e5ed5f7ed5f71fcae3420b4509b227239865ecff3ffe8b6e8cecdd38408ccecdd38408cd1474fea5e5ed5f7ed5f71fcae3420b4509b227239865ecff3ffe8b6e8cecdd38408ccecdd38408cd1474fea5e5ed5f7ed5f71fcae3420b4509b227239865ecff3ffe8b6e8cecdd38408ccecdd38408cd1474fea5e5ed5f7ed5f71fcae3420b4509b227239865ecff3ffe8b6e8cecdd38408ccecdd38408cd1474fea5e5ed5f7ed5f71fcae3420b4509b227239865ecff3ffe8b6e8cecdd38408ccecdd38408cd1474fea5e5ed5f7ed5f71fcae3420b4509b227239865ecff3ffe8b6e8cecdd38408ccecdd38408cd1474fea5e5ed5f7ed5f71fcae3420b4509b227239865ecff3ffe8b6e8cecdd38408ccecdd38408cd1474fea5e5ed5f7ed5f71fcae3420b4509b227239865ecff3ffe8b6e8cecdd38408c509b227239865ecff3ffe8b6e8cecdd38408cd1474fea5e55ecff3ffe8b6e8cecdd38408cd1474fea5e5ed5f71fcae3420b4509b2ed5cecdd38408cd1474fea5e5ed5f7ed5f71fcae3420b4509b227239865ecff3ffe8b6e8cecdd38408cf71fcae3420b4509b227239865ecff3ffe8b6e8cecdd38408cd1474fea5e527239865ecff3ffe8b6e8cecdd38408cded5f71fcae3420b4509b22723ed5f71fcae3420b4509b227239865ecff3ffe8b6e8cecdd38408cd1474fea5e5ed5f71fcae3420b4509b227239865ecff3ffe8b6eed5f71fcae3420b4509b227239865ecff3ffe8b6e8cecdd38408cd1474fea5e58cecdd38408cd1474fea5e5ed5f71fcae3420b4509b22ed5f71fcae3420b4509b227239865ecff3ffe8b6e8cecdd38408cd1474fea5e57239865ecff3ffe8b6e8cecdd38408cd1474fea5e5ed5f71fcae3420b4509b227239865ecff3ffe8b6e8cecdd38408cd1474fea5e5ed5f71fcae3420b4509b227239865ecff3ffe8b6e8cecdd38408cd1474fea5e5ed5f71fcae3420b4509b227239865ecff3ffe8b6e8cecdd38408cd1474fea5e5ed5f71fcae3420b4509b227239865ecff3ffe8b6e8ceed5f71fcae3420b4509b227239865ecff3ffe8b6e8cecdd38408cd1474fea5e5cdd38408cd1474fea5e5ed5f71fcae3420b4509b227239865ecff3ffe8b6e8cecdd38408cd1474fea5e5ed5f71fcae3420b4509b227239865ecff3ffe8b6e8cecdd38408cd1474fea5e59865ecff3ffe8b6e8ceced5f71fcae3420b4509b227239865ecff3ffe8b6e8cecdd38408cd1474fea5e5dd38408cd1474fea5e5ed5f71fcae3420b4509b227239865ecff3ffe8b6e8cecdd38408cd1474fea5e51474fea5e57239865ecff3ffeed5f71fcae3420b4509b227239865ecff3ffe8b6e8cecdd38408cd1474fea5e58b6e8cecdd38408cd1474fea5e5 test FileLog  702
[34m2019-01-07 11:48:05.502 JST [FileLog] main -> INFO 2c0[0m ed5f71fcae3420b4509b227239865ecff3ffe8b6e8cecdd38408cd1474fea5e5ed5f71fcae3420b4509b227239865ecff3ffe8b6e8cecdd38408cd1474fea5e5ed5f71fcae3420b4509b227239865ecff3ffe8b6e8cecdd38408cd1474fea5e5ed5f71fcae3420b4509b227239865ecff3ffe8b6e8cecdd38408cd1474fea5e5ed5f7ed5f71fcae3420b4509b227239865ecff3ffe8b6e8cecdd38408cd1474fea5e51fcae3420b4509b22ed5f71fcae3420b4509b22723986ed5f71fcae3420b4cecdd38408cd1474fea5e5ed5f7ed5f71fcae3420b4509b227239865ecff3ffe8b6e8cecdd38408ccecdd38408cd1474fea5e5ed5f7ed5f71fcae3420b4509b227239865ecff3ffe8b6e8cecdd38408ccecdd38408cd1474fea5e5ed5f7ed5f71fcae3420b4509b227239865ecff3ffe8b6e8cecdd38408ccecdd38408cd1474fea5e5ed5f7ed5f71fcae3420b4509b227239865ecff3ffe8b6e8cecdd38408ccecdd38408cd1474fea5e5ed5f7ed5f71fcae3420b4509b227239865ecff3ffe8b6e8cecdd38408ccecdd38408cd1474fea5e5ed5f7ed5f71fcae3420b4509b227239865ecff3ffe8b6e8cecdd38408ccecdd38408cd1474fea5e5ed5f7ed5f71fcae3420b4509b227239865ecff3ffe8b6e8cecdd38408ccecdd38408cd1474fea5e5ed5f7ed5f71fcae3420b4509b227239865ecff3ffe8b6e8cecdd38408ccecdd38408cd1474fea5e5ed5f7ed5f71fcae3420b4509b227239865ecff3ffe8b6e8cecdd38408ccecdd38408cd1474fea5e5ed5f7ed5f71fcae3420b4509b227239865ecff3ffe8b6e8cecdd38408ccecdd38408cd1474fea5e5ed5f7ed5f71fcae3420b4509b227239865ecff3ffe8b6e8cecdd38408ccecdd38408cd1474fea5e5ed5f7ed5f71fcae3420b4509b227239865ecff3ffe8b6e8cecdd38408ccecdd38408cd1474fea5e5ed5f7ed5f71fcae3420b4509b227239865ecff3ffe8b6e8cecdd38408ccecdd38408cd1474fea5e5ed5f7ed5f71fcae3420b4509b227239865ecff3ffe8b6e8cecdd38408ccecdd38408cd1474fea5e5ed5f7ed5f71fcae3420b4509b227239865ecff3ffe8b6e8cecdd38408c509b227239865ecff3ffe8b6e8cecdd38408cd1474fea5e55ecff3ffe8b6e8cecdd38408cd1474fea5e5ed5f71fcae3420b4509b2ed5cecdd38408cd1474fea5e5ed5f7ed5f71fcae3420b4509b227239865ecff3ffe8b6e8cecdd38408cf71fcae3420b4509b227239865ecff3ffe8b6e8cecdd38408cd1474fea5e527239865ecff3ffe8b6e8cecdd38408cded5f71fcae3420b4509b22723ed5f71fcae3420b4509b227239865ecff3ffe8b6e8cecdd38408cd1474fea5e5ed5f71fcae3420b4509b227239865ecff3ffe8b6eed5f71fcae3420b4509b227239865ecff3ffe8b6e8cecdd38408cd1474fea5e58cecdd38408cd1474fea5e5ed5f71fcae3420b4509b22ed5f71fcae3420b4509b227239865ecff3ffe8b6e8cecdd38408cd1474fea5e57239865ecff3ffe8b6e8cecdd38408cd1474fea5e5ed5f71fcae3420b4509b227239865ecff3ffe8b6e8cecdd38408cd1474fea5e5ed5f71fcae3420b4509b227239865ecff3ffe8b6e8cecdd38408cd1474fea5e5ed5f71fcae3420b4509b227239865ecff3ffe8b6e8cecdd38408cd1474fea5e5ed5f71fcae3420b4509b227239865ecff3ffe8b6e8ceed5f71fcae3420b4509b227239865ecff3ffe8b6e8cecdd38408cd1474fea5e5cdd38408cd1474fea5e5ed5f71fcae3420b4509b227239865ecff3ffe8b6e8cecdd38408cd1474fea5e5ed5f71fcae3420b4509b227239865ecff3ffe8b6e8cecdd38408cd1474fea5e59865ecff3ffe8b6e8ceced5f71fcae3420b4509b227239865ecff3ffe8b6e8cecdd38408cd1474fea5e5dd38408cd1474fea5e5ed5f71fcae3420b4509b227239865ecff3ffe8b6e8cecdd38408cd1474fea5e51474fea5e57239865ecff3ffeed5f71fcae3420b4509b227239865ecff3ffe8b6e8cecdd38408cd1474fea5e58b6e8cecdd38408cd1474fea5e5 test FileLog  703
[34m2019-01-07 11:48:06.503 JST [FileLog] main -> INFO 2c1[0m ed5f71fcae3420b4509b227239865ecff3ffe8b6e8cecdd38408cd1474fea5e5ed5f71fcae3420b4509b227239865ecff3ffe8b6e8cecdd38408cd1474fea5e5ed5f71fcae3420b4509b227239865ecff3ffe8b6e8cecdd38408cd1474fea5e5ed5f71fcae3420b4509b227239865ecff3ffe8b6e8cecdd38408cd1474fea5e5ed5f7ed5f71fcae3420b4509b227239865ecff3ffe8b6e8cecdd38408cd1474fea5e51fcae3420b4509b22ed5f71fcae3420b4509b22723986ed5f71fcae3420b4cecdd38408cd1474fea5e5ed5f7ed5f71fcae3420b4509b227239865ecff3ffe8b6e8cecdd38408ccecdd38408cd1474fea5e5ed5f7ed5f71fcae3420b4509b227239865ecff3ffe8b6e8cecdd38408ccecdd38408cd1474fea5e5ed5f7ed5f71fcae3420b4509b227239865ecff3ffe8b6e8cecdd38408ccecdd38408cd1474fea5e5ed5f7ed5f71fcae3420b4509b227239865ecff3ffe8b6e8cecdd38408ccecdd38408cd1474fea5e5ed5f7ed5f71fcae3420b4509b227239865ecff3ffe8b6e8cecdd38408ccecdd38408cd1474fea5e5ed5f7ed5f71fcae3420b4509b227239865ecff3ffe8b6e8cecdd38408ccecdd38408cd1474fea5e5ed5f7ed5f71fcae3420b4509b227239865ecff3ffe8b6e8cecdd38408ccecdd38408cd1474fea5e5ed5f7ed5f71fcae3420b4509b227239865ecff3ffe8b6e8cecdd38408ccecdd38408cd1474fea5e5ed5f7ed5f71fcae3420b4509b227239865ecff3ffe8b6e8cecdd38408ccecdd38408cd1474fea5e5ed5f7ed5f71fcae3420b4509b227239865ecff3ffe8b6e8cecdd38408ccecdd38408cd1474fea5e5ed5f7ed5f71fcae3420b4509b227239865ecff3ffe8b6e8cecdd38408ccecdd38408cd1474fea5e5ed5f7ed5f71fcae3420b4509b227239865ecff3ffe8b6e8cecdd38408ccecdd38408cd1474fea5e5ed5f7ed5f71fcae3420b4509b227239865ecff3ffe8b6e8cecdd38408ccecdd38408cd1474fea5e5ed5f7ed5f71fcae3420b4509b227239865ecff3ffe8b6e8cecdd38408ccecdd38408cd1474fea5e5ed5f7ed5f71fcae3420b4509b227239865ecff3ffe8b6e8cecdd38408c509b227239865ecff3ffe8b6e8cecdd38408cd1474fea5e55ecff3ffe8b6e8cecdd38408cd1474fea5e5ed5f71fcae3420b4509b2ed5cecdd38408cd1474fea5e5ed5f7ed5f71fcae3420b4509b227239865ecff3ffe8b6e8cecdd38408cf71fcae3420b4509b227239865ecff3ffe8b6e8cecdd38408cd1474fea5e527239865ecff3ffe8b6e8cecdd38408cded5f71fcae3420b4509b22723ed5f71fcae3420b4509b227239865ecff3ffe8b6e8cecdd38408cd1474fea5e5ed5f71fcae3420b4509b227239865ecff3ffe8b6eed5f71fcae3420b4509b227239865ecff3ffe8b6e8cecdd38408cd1474fea5e58cecdd38408cd1474fea5e5ed5f71fcae3420b4509b22ed5f71fcae3420b4509b227239865ecff3ffe8b6e8cecdd38408cd1474fea5e57239865ecff3ffe8b6e8cecdd38408cd1474fea5e5ed5f71fcae3420b4509b227239865ecff3ffe8b6e8cecdd38408cd1474fea5e5ed5f71fcae3420b4509b227239865ecff3ffe8b6e8cecdd38408cd1474fea5e5ed5f71fcae3420b4509b227239865ecff3ffe8b6e8cecdd38408cd1474fea5e5ed5f71fcae3420b4509b227239865ecff3ffe8b6e8ceed5f71fcae3420b4509b227239865ecff3ffe8b6e8cecdd38408cd1474fea5e5cdd38408cd1474fea5e5ed5f71fcae3420b4509b227239865ecff3ffe8b6e8cecdd38408cd1474fea5e5ed5f71fcae3420b4509b227239865ecff3ffe8b6e8cecdd38408cd1474fea5e59865ecff3ffe8b6e8ceced5f71fcae3420b4509b227239865ecff3ffe8b6e8cecdd38408cd1474fea5e5dd38408cd1474fea5e5ed5f71fcae3420b4509b227239865ecff3ffe8b6e8cecdd38408cd1474fea5e51474fea5e57239865ecff3ffeed5f71fcae3420b4509b227239865ecff3ffe8b6e8cecdd38408cd1474fea5e58b6e8cecdd38408cd1474fea5e5 test FileLog  704
[34m2019-01-07 11:48:07.505 JST [FileLog] main -> INFO 2c2[0m ed5f71fcae3420b4509b227239865ecff3ffe8b6e8cecdd38408cd1474fea5e5ed5f71fcae3420b4509b227239865ecff3ffe8b6e8cecdd38408cd1474fea5e5ed5f71fcae3420b4509b227239865ecff3ffe8b6e8cecdd38408cd1474fea5e5ed5f71fcae3420b4509b227239865ecff3ffe8b6e8cecdd38408cd1474fea5e5ed5f7ed5f71fcae3420b4509b227239865ecff3ffe8b6e8cecdd38408cd1474fea5e51fcae3420b4509b22ed5f71fcae3420b4509b22723986ed5f71fcae3420b4cecdd38408cd1474fea5e5ed5f7ed5f71fcae3420b4509b227239865ecff3ffe8b6e8cecdd38408ccecdd38408cd1474fea5e5ed5f7ed5f71fcae3420b4509b227239865ecff3ffe8b6e8cecdd38408ccecdd38408cd1474fea5e5ed5f7ed5f71fcae3420b4509b227239865ecff3ffe8b6e8cecdd38408ccecdd38408cd1474fea5e5ed5f7ed5f71fcae3420b4509b227239865ecff3ffe8b6e8cecdd38408ccecdd38408cd1474fea5e5ed5f7ed5f71fcae3420b4509b227239865ecff3ffe8b6e8cecdd38408ccecdd38408cd1474fea5e5ed5f7ed5f71fcae3420b4509b227239865ecff3ffe8b6e8cecdd38408ccecdd38408cd1474fea5e5ed5f7ed5f71fcae3420b4509b227239865ecff3ffe8b6e8cecdd38408ccecdd38408cd1474fea5e5ed5f7ed5f71fcae3420b4509b227239865ecff3ffe8b6e8cecdd38408ccecdd38408cd1474fea5e5ed5f7ed5f71fcae3420b4509b227239865ecff3ffe8b6e8cecdd38408ccecdd38408cd1474fea5e5ed5f7ed5f71fcae3420b4509b227239865ecff3ffe8b6e8cecdd38408ccecdd38408cd1474fea5e5ed5f7ed5f71fcae3420b4509b227239865ecff3ffe8b6e8cecdd38408ccecdd38408cd1474fea5e5ed5f7ed5f71fcae3420b4509b227239865ecff3ffe8b6e8cecdd38408ccecdd38408cd1474fea5e5ed5f7ed5f71fcae3420b4509b227239865ecff3ffe8b6e8cecdd38408ccecdd38408cd1474fea5e5ed5f7ed5f71fcae3420b4509b227239865ecff3ffe8b6e8cecdd38408ccecdd38408cd1474fea5e5ed5f7ed5f71fcae3420b4509b227239865ecff3ffe8b6e8cecdd38408c509b227239865ecff3ffe8b6e8cecdd38408cd1474fea5e55ecff3ffe8b6e8cecdd38408cd1474fea5e5ed5f71fcae3420b4509b2ed5cecdd38408cd1474fea5e5ed5f7ed5f71fcae3420b4509b227239865ecff3ffe8b6e8cecdd38408cf71fcae3420b4509b227239865ecff3ffe8b6e8cecdd38408cd1474fea5e527239865ecff3ffe8b6e8cecdd38408cded5f71fcae3420b4509b22723ed5f71fcae3420b4509b227239865ecff3ffe8b6e8cecdd38408cd1474fea5e5ed5f71fcae3420b4509b227239865ecff3ffe8b6eed5f71fcae3420b4509b227239865ecff3ffe8b6e8cecdd38408cd1474fea5e58cecdd38408cd1474fea5e5ed5f71fcae3420b4509b22ed5f71fcae3420b4509b227239865ecff3ffe8b6e8cecdd38408cd1474fea5e57239865ecff3ffe8b6e8cecdd38408cd1474fea5e5ed5f71fcae3420b4509b227239865ecff3ffe8b6e8cecdd38408cd1474fea5e5ed5f71fcae3420b4509b227239865ecff3ffe8b6e8cecdd38408cd1474fea5e5ed5f71fcae3420b4509b227239865ecff3ffe8b6e8cecdd38408cd1474fea5e5ed5f71fcae3420b4509b227239865ecff3ffe8b6e8ceed5f71fcae3420b4509b227239865ecff3ffe8b6e8cecdd38408cd1474fea5e5cdd38408cd1474fea5e5ed5f71fcae3420b4509b227239865ecff3ffe8b6e8cecdd38408cd1474fea5e5ed5f71fcae3420b4509b227239865ecff3ffe8b6e8cecdd38408cd1474fea5e59865ecff3ffe8b6e8ceced5f71fcae3420b4509b227239865ecff3ffe8b6e8cecdd38408cd1474fea5e5dd38408cd1474fea5e5ed5f71fcae3420b4509b227239865ecff3ffe8b6e8cecdd38408cd1474fea5e51474fea5e57239865ecff3ffeed5f71fcae3420b4509b227239865ecff3ffe8b6e8cecdd38408cd1474fea5e58b6e8cecdd38408cd1474fea5e5 test FileLog  705
[34m2019-01-07 11:48:08.506 JST [FileLog] main -> INFO 2c3[0m ed5f71fcae3420b4509b227239865ecff3ffe8b6e8cecdd38408cd1474fea5e5ed5f71fcae3420b4509b227239865ecff3ffe8b6e8cecdd38408cd1474fea5e5ed5f71fcae3420b4509b227239865ecff3ffe8b6e8cecdd38408cd1474fea5e5ed5f71fcae3420b4509b227239865ecff3ffe8b6e8cecdd38408cd1474fea5e5ed5f7ed5f71fcae3420b4509b227239865ecff3ffe8b6e8cecdd38408cd1474fea5e51fcae3420b4509b22ed5f71fcae3420b4509b22723986ed5f71fcae3420b4cecdd38408cd1474fea5e5ed5f7ed5f71fcae3420b4509b227239865ecff3ffe8b6e8cecdd38408ccecdd38408cd1474fea5e5ed5f7ed5f71fcae3420b4509b227239865ecff3ffe8b6e8cecdd38408ccecdd38408cd1474fea5e5ed5f7ed5f71fcae3420b4509b227239865ecff3ffe8b6e8cecdd38408ccecdd38408cd1474fea5e5ed5f7ed5f71fcae3420b4509b227239865ecff3ffe8b6e8cecdd38408ccecdd38408cd1474fea5e5ed5f7ed5f71fcae3420b4509b227239865ecff3ffe8b6e8cecdd38408ccecdd38408cd1474fea5e5ed5f7ed5f71fcae3420b4509b227239865ecff3ffe8b6e8cecdd38408ccecdd38408cd1474fea5e5ed5f7ed5f71fcae3420b4509b227239865ecff3ffe8b6e8cecdd38408ccecdd38408cd1474fea5e5ed5f7ed5f71fcae3420b4509b227239865ecff3ffe8b6e8cecdd38408ccecdd38408cd1474fea5e5ed5f7ed5f71fcae3420b4509b227239865ecff3ffe8b6e8cecdd38408ccecdd38408cd1474fea5e5ed5f7ed5f71fcae3420b4509b227239865ecff3ffe8b6e8cecdd38408ccecdd38408cd1474fea5e5ed5f7ed5f71fcae3420b4509b227239865ecff3ffe8b6e8cecdd38408ccecdd38408cd1474fea5e5ed5f7ed5f71fcae3420b4509b227239865ecff3ffe8b6e8cecdd38408ccecdd38408cd1474fea5e5ed5f7ed5f71fcae3420b4509b227239865ecff3ffe8b6e8cecdd38408ccecdd38408cd1474fea5e5ed5f7ed5f71fcae3420b4509b227239865ecff3ffe8b6e8cecdd38408ccecdd38408cd1474fea5e5ed5f7ed5f71fcae3420b4509b227239865ecff3ffe8b6e8cecdd38408c509b227239865ecff3ffe8b6e8cecdd38408cd1474fea5e55ecff3ffe8b6e8cecdd38408cd1474fea5e5ed5f71fcae3420b4509b2ed5cecdd38408cd1474fea5e5ed5f7ed5f71fcae3420b4509b227239865ecff3ffe8b6e8cecdd38408cf71fcae3420b4509b227239865ecff3ffe8b6e8cecdd38408cd1474fea5e527239865ecff3ffe8b6e8cecdd38408cded5f71fcae3420b4509b22723ed5f71fcae3420b4509b227239865ecff3ffe8b6e8cecdd38408cd1474fea5e5ed5f71fcae3420b4509b227239865ecff3ffe8b6eed5f71fcae3420b4509b227239865ecff3ffe8b6e8cecdd38408cd1474fea5e58cecdd38408cd1474fea5e5ed5f71fcae3420b4509b22ed5f71fcae3420b4509b227239865ecff3ffe8b6e8cecdd38408cd1474fea5e57239865ecff3ffe8b6e8cecdd38408cd1474fea5e5ed5f71fcae3420b4509b227239865ecff3ffe8b6e8cecdd38408cd1474fea5e5ed5f71fcae3420b4509b227239865ecff3ffe8b6e8cecdd38408cd1474fea5e5ed5f71fcae3420b4509b227239865ecff3ffe8b6e8cecdd38408cd1474fea5e5ed5f71fcae3420b4509b227239865ecff3ffe8b6e8ceed5f71fcae3420b4509b227239865ecff3ffe8b6e8cecdd38408cd1474fea5e5cdd38408cd1474fea5e5ed5f71fcae3420b4509b227239865ecff3ffe8b6e8cecdd38408cd1474fea5e5ed5f71fcae3420b4509b227239865ecff3ffe8b6e8cecdd38408cd1474fea5e59865ecff3ffe8b6e8ceced5f71fcae3420b4509b227239865ecff3ffe8b6e8cecdd38408cd1474fea5e5dd38408cd1474fea5e5ed5f71fcae3420b4509b227239865ecff3ffe8b6e8cecdd38408cd1474fea5e51474fea5e57239865ecff3ffeed5f71fcae3420b4509b227239865ecff3ffe8b6e8cecdd38408cd1474fea5e58b6e8cecdd38408cd1474fea5e5 test FileLog  706
[34m2019-01-07 11:48:09.507 JST [FileLog] main -> INFO 2c4[0m ed5f71fcae3420b4509b227239865ecff3ffe8b6e8cecdd38408cd1474fea5e5ed5f71fcae3420b4509b227239865ecff3ffe8b6e8cecdd38408cd1474fea5e5ed5f71fcae3420b4509b227239865ecff3ffe8b6e8cecdd38408cd1474fea5e5ed5f71fcae3420b4509b227239865ecff3ffe8b6e8cecdd38408cd1474fea5e5ed5f7ed5f71fcae3420b4509b227239865ecff3ffe8b6e8cecdd38408cd1474fea5e51fcae3420b4509b22ed5f71fcae3420b4509b22723986ed5f71fcae3420b4cecdd38408cd1474fea5e5ed5f7ed5f71fcae3420b4509b227239865ecff3ffe8b6e8cecdd38408ccecdd38408cd1474fea5e5ed5f7ed5f71fcae3420b4509b227239865ecff3ffe8b6e8cecdd38408ccecdd38408cd1474fea5e5ed5f7ed5f71fcae3420b4509b227239865ecff3ffe8b6e8cecdd38408ccecdd38408cd1474fea5e5ed5f7ed5f71fcae3420b4509b227239865ecff3ffe8b6e8cecdd38408ccecdd38408cd1474fea5e5ed5f7ed5f71fcae3420b4509b227239865ecff3ffe8b6e8cecdd38408ccecdd38408cd1474fea5e5ed5f7ed5f71fcae3420b4509b227239865ecff3ffe8b6e8cecdd38408ccecdd38408cd1474fea5e5ed5f7ed5f71fcae3420b4509b227239865ecff3ffe8b6e8cecdd38408ccecdd38408cd1474fea5e5ed5f7ed5f71fcae3420b4509b227239865ecff3ffe8b6e8cecdd38408ccecdd38408cd1474fea5e5ed5f7ed5f71fcae3420b4509b227239865ecff3ffe8b6e8cecdd38408ccecdd38408cd1474fea5e5ed5f7ed5f71fcae3420b4509b227239865ecff3ffe8b6e8cecdd38408ccecdd38408cd1474fea5e5ed5f7ed5f71fcae3420b4509b227239865ecff3ffe8b6e8cecdd38408ccecdd38408cd1474fea5e5ed5f7ed5f71fcae3420b4509b227239865ecff3ffe8b6e8cecdd38408ccecdd38408cd1474fea5e5ed5f7ed5f71fcae3420b4509b227239865ecff3ffe8b6e8cecdd38408ccecdd38408cd1474fea5e5ed5f7ed5f71fcae3420b4509b227239865ecff3ffe8b6e8cecdd38408ccecdd38408cd1474fea5e5ed5f7ed5f71fcae3420b4509b227239865ecff3ffe8b6e8cecdd38408c509b227239865ecff3ffe8b6e8cecdd38408cd1474fea5e55ecff3ffe8b6e8cecdd38408cd1474fea5e5ed5f71fcae3420b4509b2ed5cecdd38408cd1474fea5e5ed5f7ed5f71fcae3420b4509b227239865ecff3ffe8b6e8cecdd38408cf71fcae3420b4509b227239865ecff3ffe8b6e8cecdd38408cd1474fea5e527239865ecff3ffe8b6e8cecdd38408cded5f71fcae3420b4509b22723ed5f71fcae3420b4509b227239865ecff3ffe8b6e8cecdd38408cd1474fea5e5ed5f71fcae3420b4509b227239865ecff3ffe8b6eed5f71fcae3420b4509b227239865ecff3ffe8b6e8cecdd38408cd1474fea5e58cecdd38408cd1474fea5e5ed5f71fcae3420b4509b22ed5f71fcae3420b4509b227239865ecff3ffe8b6e8cecdd38408cd1474fea5e57239865ecff3ffe8b6e8cecdd38408cd1474fea5e5ed5f71fcae3420b4509b227239865ecff3ffe8b6e8cecdd38408cd1474fea5e5ed5f71fcae3420b4509b227239865ecff3ffe8b6e8cecdd38408cd1474fea5e5ed5f71fcae3420b4509b227239865ecff3ffe8b6e8cecdd38408cd1474fea5e5ed5f71fcae3420b4509b227239865ecff3ffe8b6e8ceed5f71fcae3420b4509b227239865ecff3ffe8b6e8cecdd38408cd1474fea5e5cdd38408cd1474fea5e5ed5f71fcae3420b4509b227239865ecff3ffe8b6e8cecdd38408cd1474fea5e5ed5f71fcae3420b4509b227239865ecff3ffe8b6e8cecdd38408cd1474fea5e59865ecff3ffe8b6e8ceced5f71fcae3420b4509b227239865ecff3ffe8b6e8cecdd38408cd1474fea5e5dd38408cd1474fea5e5ed5f71fcae3420b4509b227239865ecff3ffe8b6e8cecdd38408cd1474fea5e51474fea5e57239865ecff3ffeed5f71fcae3420b4509b227239865ecff3ffe8b6e8cecdd38408cd1474fea5e58b6e8cecdd38408cd1474fea5e5 test FileLog  707
[34m2019-01-07 11:48:10.507 JST [FileLog] main -> INFO 2c5[0m ed5f71fcae3420b4509b227239865ecff3ffe8b6e8cecdd38408cd1474fea5e5ed5f71fcae3420b4509b227239865ecff3ffe8b6e8cecdd38408cd1474fea5e5ed5f71fcae3420b4509b227239865ecff3ffe8b6e8cecdd38408cd1474fea5e5ed5f71fcae3420b4509b227239865ecff3ffe8b6e8cecdd38408cd1474fea5e5ed5f7ed5f71fcae3420b4509b227239865ecff3ffe8b6e8cecdd38408cd1474fea5e51fcae3420b4509b22ed5f71fcae3420b4509b22723986ed5f71fcae3420b4cecdd38408cd1474fea5e5ed5f7ed5f71fcae3420b4509b227239865ecff3ffe8b6e8cecdd38408ccecdd38408cd1474fea5e5ed5f7ed5f71fcae3420b4509b227239865ecff3ffe8b6e8cecdd38408ccecdd38408cd1474fea5e5ed5f7ed5f71fcae3420b4509b227239865ecff3ffe8b6e8cecdd38408ccecdd38408cd1474fea5e5ed5f7ed5f71fcae3420b4509b227239865ecff3ffe8b6e8cecdd38408ccecdd38408cd1474fea5e5ed5f7ed5f71fcae3420b4509b227239865ecff3ffe8b6e8cecdd38408ccecdd38408cd1474fea5e5ed5f7ed5f71fcae3420b4509b227239865ecff3ffe8b6e8cecdd38408ccecdd38408cd1474fea5e5ed5f7ed5f71fcae3420b4509b227239865ecff3ffe8b6e8cecdd38408ccecdd38408cd1474fea5e5ed5f7ed5f71fcae3420b4509b227239865ecff3ffe8b6e8cecdd38408ccecdd38408cd1474fea5e5ed5f7ed5f71fcae3420b4509b227239865ecff3ffe8b6e8cecdd38408ccecdd38408cd1474fea5e5ed5f7ed5f71fcae3420b4509b227239865ecff3ffe8b6e8cecdd38408ccecdd38408cd1474fea5e5ed5f7ed5f71fcae3420b4509b227239865ecff3ffe8b6e8cecdd38408ccecdd38408cd1474fea5e5ed5f7ed5f71fcae3420b4509b227239865ecff3ffe8b6e8cecdd38408ccecdd38408cd1474fea5e5ed5f7ed5f71fcae3420b4509b227239865ecff3ffe8b6e8cecdd38408ccecdd38408cd1474fea5e5ed5f7ed5f71fcae3420b4509b227239865ecff3ffe8b6e8cecdd38408ccecdd38408cd1474fea5e5ed5f7ed5f71fcae3420b4509b227239865ecff3ffe8b6e8cecdd38408c509b227239865ecff3ffe8b6e8cecdd38408cd1474fea5e55ecff3ffe8b6e8cecdd38408cd1474fea5e5ed5f71fcae3420b4509b2ed5cecdd38408cd1474fea5e5ed5f7ed5f71fcae3420b4509b227239865ecff3ffe8b6e8cecdd38408cf71fcae3420b4509b227239865ecff3ffe8b6e8cecdd38408cd1474fea5e527239865ecff3ffe8b6e8cecdd38408cded5f71fcae3420b4509b22723ed5f71fcae3420b4509b227239865ecff3ffe8b6e8cecdd38408cd1474fea5e5ed5f71fcae3420b4509b227239865ecff3ffe8b6eed5f71fcae3420b4509b227239865ecff3ffe8b6e8cecdd38408cd1474fea5e58cecdd38408cd1474fea5e5ed5f71fcae3420b4509b22ed5f71fcae3420b4509b227239865ecff3ffe8b6e8cecdd38408cd1474fea5e57239865ecff3ffe8b6e8cecdd38408cd1474fea5e5ed5f71fcae3420b4509b227239865ecff3ffe8b6e8cecdd38408cd1474fea5e5ed5f71fcae3420b4509b227239865ecff3ffe8b6e8cecdd38408cd1474fea5e5ed5f71fcae3420b4509b227239865ecff3ffe8b6e8cecdd38408cd1474fea5e5ed5f71fcae3420b4509b227239865ecff3ffe8b6e8ceed5f71fcae3420b4509b227239865ecff3ffe8b6e8cecdd38408cd1474fea5e5cdd38408cd1474fea5e5ed5f71fcae3420b4509b227239865ecff3ffe8b6e8cecdd38408cd1474fea5e5ed5f71fcae3420b4509b227239865ecff3ffe8b6e8cecdd38408cd1474fea5e59865ecff3ffe8b6e8ceced5f71fcae3420b4509b227239865ecff3ffe8b6e8cecdd38408cd1474fea5e5dd38408cd1474fea5e5ed5f71fcae3420b4509b227239865ecff3ffe8b6e8cecdd38408cd1474fea5e51474fea5e57239865ecff3ffeed5f71fcae3420b4509b227239865ecff3ffe8b6e8cecdd38408cd1474fea5e58b6e8cecdd38408cd1474fea5e5 test FileLog  708
[34m2019-01-07 11:48:11.508 JST [FileLog] main -> INFO 2c6[0m ed5f71fcae3420b4509b227239865ecff3ffe8b6e8cecdd38408cd1474fea5e5ed5f71fcae3420b4509b227239865ecff3ffe8b6e8cecdd38408cd1474fea5e5ed5f71fcae3420b4509b227239865ecff3ffe8b6e8cecdd38408cd1474fea5e5ed5f71fcae3420b4509b227239865ecff3ffe8b6e8cecdd38408cd1474fea5e5ed5f7ed5f71fcae3420b4509b227239865ecff3ffe8b6e8cecdd38408cd1474fea5e51fcae3420b4509b22ed5f71fcae3420b4509b22723986ed5f71fcae3420b4cecdd38408cd1474fea5e5ed5f7ed5f71fcae3420b4509b227239865ecff3ffe8b6e8cecdd38408ccecdd38408cd1474fea5e5ed5f7ed5f71fcae3420b4509b227239865ecff3ffe8b6e8cecdd38408ccecdd38408cd1474fea5e5ed5f7ed5f71fcae3420b4509b227239865ecff3ffe8b6e8cecdd38408ccecdd38408cd1474fea5e5ed5f7ed5f71fcae3420b4509b227239865ecff3ffe8b6e8cecdd38408ccecdd38408cd1474fea5e5ed5f7ed5f71fcae3420b4509b227239865ecff3ffe8b6e8cecdd38408ccecdd38408cd1474fea5e5ed5f7ed5f71fcae3420b4509b227239865ecff3ffe8b6e8cecdd38408ccecdd38408cd1474fea5e5ed5f7ed5f71fcae3420b4509b227239865ecff3ffe8b6e8cecdd38408ccecdd38408cd1474fea5e5ed5f7ed5f71fcae3420b4509b227239865ecff3ffe8b6e8cecdd38408ccecdd38408cd1474fea5e5ed5f7ed5f71fcae3420b4509b227239865ecff3ffe8b6e8cecdd38408ccecdd38408cd1474fea5e5ed5f7ed5f71fcae3420b4509b227239865ecff3ffe8b6e8cecdd38408ccecdd38408cd1474fea5e5ed5f7ed5f71fcae3420b4509b227239865ecff3ffe8b6e8cecdd38408ccecdd38408cd1474fea5e5ed5f7ed5f71fcae3420b4509b227239865ecff3ffe8b6e8cecdd38408ccecdd38408cd1474fea5e5ed5f7ed5f71fcae3420b4509b227239865ecff3ffe8b6e8cecdd38408ccecdd38408cd1474fea5e5ed5f7ed5f71fcae3420b4509b227239865ecff3ffe8b6e8cecdd38408ccecdd38408cd1474fea5e5ed5f7ed5f71fcae3420b4509b227239865ecff3ffe8b6e8cecdd38408c509b227239865ecff3ffe8b6e8cecdd38408cd1474fea5e55ecff3ffe8b6e8cecdd38408cd1474fea5e5ed5f71fcae3420b4509b2ed5cecdd38408cd1474fea5e5ed5f7ed5f71fcae3420b4509b227239865ecff3ffe8b6e8cecdd38408cf71fcae3420b4509b227239865ecff3ffe8b6e8cecdd38408cd1474fea5e527239865ecff3ffe8b6e8cecdd38408cded5f71fcae3420b4509b22723ed5f71fcae3420b4509b227239865ecff3ffe8b6e8cecdd38408cd1474fea5e5ed5f71fcae3420b4509b227239865ecff3ffe8b6eed5f71fcae3420b4509b227239865ecff3ffe8b6e8cecdd38408cd1474fea5e58cecdd38408cd1474fea5e5ed5f71fcae3420b4509b22ed5f71fcae3420b4509b227239865ecff3ffe8b6e8cecdd38408cd1474fea5e57239865ecff3ffe8b6e8cecdd38408cd1474fea5e5ed5f71fcae3420b4509b227239865ecff3ffe8b6e8cecdd38408cd1474fea5e5ed5f71fcae3420b4509b227239865ecff3ffe8b6e8cecdd38408cd1474fea5e5ed5f71fcae3420b4509b227239865ecff3ffe8b6e8cecdd38408cd1474fea5e5ed5f71fcae3420b4509b227239865ecff3ffe8b6e8ceed5f71fcae3420b4509b227239865ecff3ffe8b6e8cecdd38408cd1474fea5e5cdd38408cd1474fea5e5ed5f71fcae3420b4509b227239865ecff3ffe8b6e8cecdd38408cd1474fea5e5ed5f71fcae3420b4509b227239865ecff3ffe8b6e8cecdd38408cd1474fea5e59865ecff3ffe8b6e8ceced5f71fcae3420b4509b227239865ecff3ffe8b6e8cecdd38408cd1474fea5e5dd38408cd1474fea5e5ed5f71fcae3420b4509b227239865ecff3ffe8b6e8cecdd38408cd1474fea5e51474fea5e57239865ecff3ffeed5f71fcae3420b4509b227239865ecff3ffe8b6e8cecdd38408cd1474fea5e58b6e8cecdd38408cd1474fea5e5 test FileLog  709
[34m2019-01-07 11:48:12.509 JST [FileLog] main -> INFO 2c7[0m ed5f71fcae3420b4509b227239865ecff3ffe8b6e8cecdd38408cd1474fea5e5ed5f71fcae3420b4509b227239865ecff3ffe8b6e8cecdd38408cd1474fea5e5ed5f71fcae3420b4509b227239865ecff3ffe8b6e8cecdd38408cd1474fea5e5ed5f71fcae3420b4509b227239865ecff3ffe8b6e8cecdd38408cd1474fea5e5ed5f7ed5f71fcae3420b4509b227239865ecff3ffe8b6e8cecdd38408cd1474fea5e51fcae3420b4509b22ed5f71fcae3420b4509b22723986ed5f71fcae3420b4cecdd38408cd1474fea5e5ed5f7ed5f71fcae3420b4509b227239865ecff3ffe8b6e8cecdd38408ccecdd38408cd1474fea5e5ed5f7ed5f71fcae3420b4509b227239865ecff3ffe8b6e8cecdd38408ccecdd38408cd1474fea5e5ed5f7ed5f71fcae3420b4509b227239865ecff3ffe8b6e8cecdd38408ccecdd38408cd1474fea5e5ed5f7ed5f71fcae3420b4509b227239865ecff3ffe8b6e8cecdd38408ccecdd38408cd1474fea5e5ed5f7ed5f71fcae3420b4509b227239865ecff3ffe8b6e8cecdd38408ccecdd38408cd1474fea5e5ed5f7ed5f71fcae3420b4509b227239865ecff3ffe8b6e8cecdd38408ccecdd38408cd1474fea5e5ed5f7ed5f71fcae3420b4509b227239865ecff3ffe8b6e8cecdd38408ccecdd38408cd1474fea5e5ed5f7ed5f71fcae3420b4509b227239865ecff3ffe8b6e8cecdd38408ccecdd38408cd1474fea5e5ed5f7ed5f71fcae3420b4509b227239865ecff3ffe8b6e8cecdd38408ccecdd38408cd1474fea5e5ed5f7ed5f71fcae3420b4509b227239865ecff3ffe8b6e8cecdd38408ccecdd38408cd1474fea5e5ed5f7ed5f71fcae3420b4509b227239865ecff3ffe8b6e8cecdd38408ccecdd38408cd1474fea5e5ed5f7ed5f71fcae3420b4509b227239865ecff3ffe8b6e8cecdd38408ccecdd38408cd1474fea5e5ed5f7ed5f71fcae3420b4509b227239865ecff3ffe8b6e8cecdd38408ccecdd38408cd1474fea5e5ed5f7ed5f71fcae3420b4509b227239865ecff3ffe8b6e8cecdd38408ccecdd38408cd1474fea5e5ed5f7ed5f71fcae3420b4509b227239865ecff3ffe8b6e8cecdd38408c509b227239865ecff3ffe8b6e8cecdd38408cd1474fea5e55ecff3ffe8b6e8cecdd38408cd1474fea5e5ed5f71fcae3420b4509b2ed5cecdd38408cd1474fea5e5ed5f7ed5f71fcae3420b4509b227239865ecff3ffe8b6e8cecdd38408cf71fcae3420b4509b227239865ecff3ffe8b6e8cecdd38408cd1474fea5e527239865ecff3ffe8b6e8cecdd38408cded5f71fcae3420b4509b22723ed5f71fcae3420b4509b227239865ecff3ffe8b6e8cecdd38408cd1474fea5e5ed5f71fcae3420b4509b227239865ecff3ffe8b6eed5f71fcae3420b4509b227239865ecff3ffe8b6e8cecdd38408cd1474fea5e58cecdd38408cd1474fea5e5ed5f71fcae3420b4509b22ed5f71fcae3420b4509b227239865ecff3ffe8b6e8cecdd38408cd1474fea5e57239865ecff3ffe8b6e8cecdd38408cd1474fea5e5ed5f71fcae3420b4509b227239865ecff3ffe8b6e8cecdd38408cd1474fea5e5ed5f71fcae3420b4509b227239865ecff3ffe8b6e8cecdd38408cd1474fea5e5ed5f71fcae3420b4509b227239865ecff3ffe8b6e8cecdd38408cd1474fea5e5ed5f71fcae3420b4509b227239865ecff3ffe8b6e8ceed5f71fcae3420b4509b227239865ecff3ffe8b6e8cecdd38408cd1474fea5e5cdd38408cd1474fea5e5ed5f71fcae3420b4509b227239865ecff3ffe8b6e8cecdd38408cd1474fea5e5ed5f71fcae3420b4509b227239865ecff3ffe8b6e8cecdd38408cd1474fea5e59865ecff3ffe8b6e8ceced5f71fcae3420b4509b227239865ecff3ffe8b6e8cecdd38408cd1474fea5e5dd38408cd1474fea5e5ed5f71fcae3420b4509b227239865ecff3ffe8b6e8cecdd38408cd1474fea5e51474fea5e57239865ecff3ffeed5f71fcae3420b4509b227239865ecff3ffe8b6e8cecdd38408cd1474fea5e58b6e8cecdd38408cd1474fea5e5 test FileLog  710
[34m2019-01-07 11:48:13.509 JST [FileLog] main -> INFO 2c8[0m ed5f71fcae3420b4509b227239865ecff3ffe8b6e8cecdd38408cd1474fea5e5ed5f71fcae3420b4509b227239865ecff3ffe8b6e8cecdd38408cd1474fea5e5ed5f71fcae3420b4509b227239865ecff3ffe8b6e8cecdd38408cd1474fea5e5ed5f71fcae3420b4509b227239865ecff3ffe8b6e8cecdd38408cd1474fea5e5ed5f7ed5f71fcae3420b4509b227239865ecff3ffe8b6e8cecdd38408cd1474fea5e51fcae3420b4509b22ed5f71fcae3420b4509b22723986ed5f71fcae3420b4cecdd38408cd1474fea5e5ed5f7ed5f71fcae3420b4509b227239865ecff3ffe8b6e8cecdd38408ccecdd38408cd1474fea5e5ed5f7ed5f71fcae3420b4509b227239865ecff3ffe8b6e8cecdd38408ccecdd38408cd1474fea5e5ed5f7ed5f71fcae3420b4509b227239865ecff3ffe8b6e8cecdd38408ccecdd38408cd1474fea5e5ed5f7ed5f71fcae3420b4509b227239865ecff3ffe8b6e8cecdd38408ccecdd38408cd1474fea5e5ed5f7ed5f71fcae3420b4509b227239865ecff3ffe8b6e8cecdd38408ccecdd38408cd1474fea5e5ed5f7ed5f71fcae3420b4509b227239865ecff3ffe8b6e8cecdd38408ccecdd38408cd1474fea5e5ed5f7ed5f71fcae3420b4509b227239865ecff3ffe8b6e8cecdd38408ccecdd38408cd1474fea5e5ed5f7ed5f71fcae3420b4509b227239865ecff3ffe8b6e8cecdd38408ccecdd38408cd1474fea5e5ed5f7ed5f71fcae3420b4509b227239865ecff3ffe8b6e8cecdd38408ccecdd38408cd1474fea5e5ed5f7ed5f71fcae3420b4509b227239865ecff3ffe8b6e8cecdd38408ccecdd38408cd1474fea5e5ed5f7ed5f71fcae3420b4509b227239865ecff3ffe8b6e8cecdd38408ccecdd38408cd1474fea5e5ed5f7ed5f71fcae3420b4509b227239865ecff3ffe8b6e8cecdd38408ccecdd38408cd1474fea5e5ed5f7ed5f71fcae3420b4509b227239865ecff3ffe8b6e8cecdd38408ccecdd38408cd1474fea5e5ed5f7ed5f71fcae3420b4509b227239865ecff3ffe8b6e8cecdd38408ccecdd38408cd1474fea5e5ed5f7ed5f71fcae3420b4509b227239865ecff3ffe8b6e8cecdd38408c509b227239865ecff3ffe8b6e8cecdd38408cd1474fea5e55ecff3ffe8b6e8cecdd38408cd1474fea5e5ed5f71fcae3420b4509b2ed5cecdd38408cd1474fea5e5ed5f7ed5f71fcae3420b4509b227239865ecff3ffe8b6e8cecdd38408cf71fcae3420b4509b227239865ecff3ffe8b6e8cecdd38408cd1474fea5e527239865ecff3ffe8b6e8cecdd38408cded5f71fcae3420b4509b22723ed5f71fcae3420b4509b227239865ecff3ffe8b6e8cecdd38408cd1474fea5e5ed5f71fcae3420b4509b227239865ecff3ffe8b6eed5f71fcae3420b4509b227239865ecff3ffe8b6e8cecdd38408cd1474fea5e58cecdd38408cd1474fea5e5ed5f71fcae3420b4509b22ed5f71fcae3420b4509b227239865ecff3ffe8b6e8cecdd38408cd1474fea5e57239865ecff3ffe8b6e8cecdd38408cd1474fea5e5ed5f71fcae3420b4509b227239865ecff3ffe8b6e8cecdd38408cd1474fea5e5ed5f71fcae3420b4509b227239865ecff3ffe8b6e8cecdd38408cd1474fea5e5ed5f71fcae3420b4509b227239865ecff3ffe8b6e8cecdd38408cd1474fea5e5ed5f71fcae3420b4509b227239865ecff3ffe8b6e8ceed5f71fcae3420b4509b227239865ecff3ffe8b6e8cecdd38408cd1474fea5e5cdd38408cd1474fea5e5ed5f71fcae3420b4509b227239865ecff3ffe8b6e8cecdd38408cd1474fea5e5ed5f71fcae3420b4509b227239865ecff3ffe8b6e8cecdd38408cd1474fea5e59865ecff3ffe8b6e8ceced5f71fcae3420b4509b227239865ecff3ffe8b6e8cecdd38408cd1474fea5e5dd38408cd1474fea5e5ed5f71fcae3420b4509b227239865ecff3ffe8b6e8cecdd38408cd1474fea5e51474fea5e57239865ecff3ffeed5f71fcae3420b4509b227239865ecff3ffe8b6e8cecdd38408cd1474fea5e58b6e8cecdd38408cd1474fea5e5 test FileLog  711
[34m2019-01-07 11:48:14.511 JST [FileLog] main -> INFO 2c9[0m ed5f71fcae3420b4509b227239865ecff3ffe8b6e8cecdd38408cd1474fea5e5ed5f71fcae3420b4509b227239865ecff3ffe8b6e8cecdd38408cd1474fea5e5ed5f71fcae3420b4509b227239865ecff3ffe8b6e8cecdd38408cd1474fea5e5ed5f71fcae3420b4509b227239865ecff3ffe8b6e8cecdd38408cd1474fea5e5ed5f7ed5f71fcae3420b4509b227239865ecff3ffe8b6e8cecdd38408cd1474fea5e51fcae3420b4509b22ed5f71fcae3420b4509b22723986ed5f71fcae3420b4cecdd38408cd1474fea5e5ed5f7ed5f71fcae3420b4509b227239865ecff3ffe8b6e8cecdd38408ccecdd38408cd1474fea5e5ed5f7ed5f71fcae3420b4509b227239865ecff3ffe8b6e8cecdd38408ccecdd38408cd1474fea5e5ed5f7ed5f71fcae3420b4509b227239865ecff3ffe8b6e8cecdd38408ccecdd38408cd1474fea5e5ed5f7ed5f71fcae3420b4509b227239865ecff3ffe8b6e8cecdd38408ccecdd38408cd1474fea5e5ed5f7ed5f71fcae3420b4509b227239865ecff3ffe8b6e8cecdd38408ccecdd38408cd1474fea5e5ed5f7ed5f71fcae3420b4509b227239865ecff3ffe8b6e8cecdd38408ccecdd38408cd1474fea5e5ed5f7ed5f71fcae3420b4509b227239865ecff3ffe8b6e8cecdd38408ccecdd38408cd1474fea5e5ed5f7ed5f71fcae3420b4509b227239865ecff3ffe8b6e8cecdd38408ccecdd38408cd1474fea5e5ed5f7ed5f71fcae3420b4509b227239865ecff3ffe8b6e8cecdd38408ccecdd38408cd1474fea5e5ed5f7ed5f71fcae3420b4509b227239865ecff3ffe8b6e8cecdd38408ccecdd38408cd1474fea5e5ed5f7ed5f71fcae3420b4509b227239865ecff3ffe8b6e8cecdd38408ccecdd38408cd1474fea5e5ed5f7ed5f71fcae3420b4509b227239865ecff3ffe8b6e8cecdd38408ccecdd38408cd1474fea5e5ed5f7ed5f71fcae3420b4509b227239865ecff3ffe8b6e8cecdd38408ccecdd38408cd1474fea5e5ed5f7ed5f71fcae3420b4509b227239865ecff3ffe8b6e8cecdd38408ccecdd38408cd1474fea5e5ed5f7ed5f71fcae3420b4509b227239865ecff3ffe8b6e8cecdd38408c509b227239865ecff3ffe8b6e8cecdd38408cd1474fea5e55ecff3ffe8b6e8cecdd38408cd1474fea5e5ed5f71fcae3420b4509b2ed5cecdd38408cd1474fea5e5ed5f7ed5f71fcae3420b4509b227239865ecff3ffe8b6e8cecdd38408cf71fcae3420b4509b227239865ecff3ffe8b6e8cecdd38408cd1474fea5e527239865ecff3ffe8b6e8cecdd38408cded5f71fcae3420b4509b22723ed5f71fcae3420b4509b227239865ecff3ffe8b6e8cecdd38408cd1474fea5e5ed5f71fcae3420b4509b227239865ecff3ffe8b6eed5f71fcae3420b4509b227239865ecff3ffe8b6e8cecdd38408cd1474fea5e58cecdd38408cd1474fea5e5ed5f71fcae3420b4509b22ed5f71fcae3420b4509b227239865ecff3ffe8b6e8cecdd38408cd1474fea5e57239865ecff3ffe8b6e8cecdd38408cd1474fea5e5ed5f71fcae3420b4509b227239865ecff3ffe8b6e8cecdd38408cd1474fea5e5ed5f71fcae3420b4509b227239865ecff3ffe8b6e8cecdd38408cd1474fea5e5ed5f71fcae3420b4509b227239865ecff3ffe8b6e8cecdd38408cd1474fea5e5ed5f71fcae3420b4509b227239865ecff3ffe8b6e8ceed5f71fcae3420b4509b227239865ecff3ffe8b6e8cecdd38408cd1474fea5e5cdd38408cd1474fea5e5ed5f71fcae3420b4509b227239865ecff3ffe8b6e8cecdd38408cd1474fea5e5ed5f71fcae3420b4509b227239865ecff3ffe8b6e8cecdd38408cd1474fea5e59865ecff3ffe8b6e8ceced5f71fcae3420b4509b227239865ecff3ffe8b6e8cecdd38408cd1474fea5e5dd38408cd1474fea5e5ed5f71fcae3420b4509b227239865ecff3ffe8b6e8cecdd38408cd1474fea5e51474fea5e57239865ecff3ffeed5f71fcae3420b4509b227239865ecff3ffe8b6e8cecdd38408cd1474fea5e58b6e8cecdd38408cd1474fea5e5 test FileLog  712
[34m2019-01-07 11:48:15.512 JST [FileLog] main -> INFO 2ca[0m ed5f71fcae3420b4509b227239865ecff3ffe8b6e8cecdd38408cd1474fea5e5ed5f71fcae3420b4509b227239865ecff3ffe8b6e8cecdd38408cd1474fea5e5ed5f71fcae3420b4509b227239865ecff3ffe8b6e8cecdd38408cd1474fea5e5ed5f71fcae3420b4509b227239865ecff3ffe8b6e8cecdd38408cd1474fea5e5ed5f7ed5f71fcae3420b4509b227239865ecff3ffe8b6e8cecdd38408cd1474fea5e51fcae3420b4509b22ed5f71fcae3420b4509b22723986ed5f71fcae3420b4cecdd38408cd1474fea5e5ed5f7ed5f71fcae3420b4509b227239865ecff3ffe8b6e8cecdd38408ccecdd38408cd1474fea5e5ed5f7ed5f71fcae3420b4509b227239865ecff3ffe8b6e8cecdd38408ccecdd38408cd1474fea5e5ed5f7ed5f71fcae3420b4509b227239865ecff3ffe8b6e8cecdd38408ccecdd38408cd1474fea5e5ed5f7ed5f71fcae3420b4509b227239865ecff3ffe8b6e8cecdd38408ccecdd38408cd1474fea5e5ed5f7ed5f71fcae3420b4509b227239865ecff3ffe8b6e8cecdd38408ccecdd38408cd1474fea5e5ed5f7ed5f71fcae3420b4509b227239865ecff3ffe8b6e8cecdd38408ccecdd38408cd1474fea5e5ed5f7ed5f71fcae3420b4509b227239865ecff3ffe8b6e8cecdd38408ccecdd38408cd1474fea5e5ed5f7ed5f71fcae3420b4509b227239865ecff3ffe8b6e8cecdd38408ccecdd38408cd1474fea5e5ed5f7ed5f71fcae3420b4509b227239865ecff3ffe8b6e8cecdd38408ccecdd38408cd1474fea5e5ed5f7ed5f71fcae3420b4509b227239865ecff3ffe8b6e8cecdd38408ccecdd38408cd1474fea5e5ed5f7ed5f71fcae3420b4509b227239865ecff3ffe8b6e8cecdd38408ccecdd38408cd1474fea5e5ed5f7ed5f71fcae3420b4509b227239865ecff3ffe8b6e8cecdd38408ccecdd38408cd1474fea5e5ed5f7ed5f71fcae3420b4509b227239865ecff3ffe8b6e8cecdd38408ccecdd38408cd1474fea5e5ed5f7ed5f71fcae3420b4509b227239865ecff3ffe8b6e8cecdd38408ccecdd38408cd1474fea5e5ed5f7ed5f71fcae3420b4509b227239865ecff3ffe8b6e8cecdd38408c509b227239865ecff3ffe8b6e8cecdd38408cd1474fea5e55ecff3ffe8b6e8cecdd38408cd1474fea5e5ed5f71fcae3420b4509b2ed5cecdd38408cd1474fea5e5ed5f7ed5f71fcae3420b4509b227239865ecff3ffe8b6e8cecdd38408cf71fcae3420b4509b227239865ecff3ffe8b6e8cecdd38408cd1474fea5e527239865ecff3ffe8b6e8cecdd38408cded5f71fcae3420b4509b22723ed5f71fcae3420b4509b227239865ecff3ffe8b6e8cecdd38408cd1474fea5e5ed5f71fcae3420b4509b227239865ecff3ffe8b6eed5f71fcae3420b4509b227239865ecff3ffe8b6e8cecdd38408cd1474fea5e58cecdd38408cd1474fea5e5ed5f71fcae3420b4509b22ed5f71fcae3420b4509b227239865ecff3ffe8b6e8cecdd38408cd1474fea5e57239865ecff3ffe8b6e8cecdd38408cd1474fea5e5ed5f71fcae3420b4509b227239865ecff3ffe8b6e8cecdd38408cd1474fea5e5ed5f71fcae3420b4509b227239865ecff3ffe8b6e8cecdd38408cd1474fea5e5ed5f71fcae3420b4509b227239865ecff3ffe8b6e8cecdd38408cd1474fea5e5ed5f71fcae3420b4509b227239865ecff3ffe8b6e8ceed5f71fcae3420b4509b227239865ecff3ffe8b6e8cecdd38408cd1474fea5e5cdd38408cd1474fea5e5ed5f71fcae3420b4509b227239865ecff3ffe8b6e8cecdd38408cd1474fea5e5ed5f71fcae3420b4509b227239865ecff3ffe8b6e8cecdd38408cd1474fea5e59865ecff3ffe8b6e8ceced5f71fcae3420b4509b227239865ecff3ffe8b6e8cecdd38408cd1474fea5e5dd38408cd1474fea5e5ed5f71fcae3420b4509b227239865ecff3ffe8b6e8cecdd38408cd1474fea5e51474fea5e57239865ecff3ffeed5f71fcae3420b4509b227239865ecff3ffe8b6e8cecdd38408cd1474fea5e58b6e8cecdd38408cd1474fea5e5 test FileLog  713
[34m2019-01-07 11:48:16.514 JST [FileLog] main -> INFO 2cb[0m ed5f71fcae3420b4509b227239865ecff3ffe8b6e8cecdd38408cd1474fea5e5ed5f71fcae3420b4509b227239865ecff3ffe8b6e8cecdd38408cd1474fea5e5ed5f71fcae3420b4509b227239865ecff3ffe8b6e8cecdd38408cd1474fea5e5ed5f71fcae3420b4509b227239865ecff3ffe8b6e8cecdd38408cd1474fea5e5ed5f7ed5f71fcae3420b4509b227239865ecff3ffe8b6e8cecdd38408cd1474fea5e51fcae3420b4509b22ed5f71fcae3420b4509b22723986ed5f71fcae3420b4cecdd38408cd1474fea5e5ed5f7ed5f71fcae3420b4509b227239865ecff3ffe8b6e8cecdd38408ccecdd38408cd1474fea5e5ed5f7ed5f71fcae3420b4509b227239865ecff3ffe8b6e8cecdd38408ccecdd38408cd1474fea5e5ed5f7ed5f71fcae3420b4509b227239865ecff3ffe8b6e8cecdd38408ccecdd38408cd1474fea5e5ed5f7ed5f71fcae3420b4509b227239865ecff3ffe8b6e8cecdd38408ccecdd38408cd1474fea5e5ed5f7ed5f71fcae3420b4509b227239865ecff3ffe8b6e8cecdd38408ccecdd38408cd1474fea5e5ed5f7ed5f71fcae3420b4509b227239865ecff3ffe8b6e8cecdd38408ccecdd38408cd1474fea5e5ed5f7ed5f71fcae3420b4509b227239865ecff3ffe8b6e8cecdd38408ccecdd38408cd1474fea5e5ed5f7ed5f71fcae3420b4509b227239865ecff3ffe8b6e8cecdd38408ccecdd38408cd1474fea5e5ed5f7ed5f71fcae3420b4509b227239865ecff3ffe8b6e8cecdd38408ccecdd38408cd1474fea5e5ed5f7ed5f71fcae3420b4509b227239865ecff3ffe8b6e8cecdd38408ccecdd38408cd1474fea5e5ed5f7ed5f71fcae3420b4509b227239865ecff3ffe8b6e8cecdd38408ccecdd38408cd1474fea5e5ed5f7ed5f71fcae3420b4509b227239865ecff3ffe8b6e8cecdd38408ccecdd38408cd1474fea5e5ed5f7ed5f71fcae3420b4509b227239865ecff3ffe8b6e8cecdd38408ccecdd38408cd1474fea5e5ed5f7ed5f71fcae3420b4509b227239865ecff3ffe8b6e8cecdd38408ccecdd38408cd1474fea5e5ed5f7ed5f71fcae3420b4509b227239865ecff3ffe8b6e8cecdd38408c509b227239865ecff3ffe8b6e8cecdd38408cd1474fea5e55ecff3ffe8b6e8cecdd38408cd1474fea5e5ed5f71fcae3420b4509b2ed5cecdd38408cd1474fea5e5ed5f7ed5f71fcae3420b4509b227239865ecff3ffe8b6e8cecdd38408cf71fcae3420b4509b227239865ecff3ffe8b6e8cecdd38408cd1474fea5e527239865ecff3ffe8b6e8cecdd38408cded5f71fcae3420b4509b22723ed5f71fcae3420b4509b227239865ecff3ffe8b6e8cecdd38408cd1474fea5e5ed5f71fcae3420b4509b227239865ecff3ffe8b6eed5f71fcae3420b4509b227239865ecff3ffe8b6e8cecdd38408cd1474fea5e58cecdd38408cd1474fea5e5ed5f71fcae3420b4509b22ed5f71fcae3420b4509b227239865ecff3ffe8b6e8cecdd38408cd1474fea5e57239865ecff3ffe8b6e8cecdd38408cd1474fea5e5ed5f71fcae3420b4509b227239865ecff3ffe8b6e8cecdd38408cd1474fea5e5ed5f71fcae3420b4509b227239865ecff3ffe8b6e8cecdd38408cd1474fea5e5ed5f71fcae3420b4509b227239865ecff3ffe8b6e8cecdd38408cd1474fea5e5ed5f71fcae3420b4509b227239865ecff3ffe8b6e8ceed5f71fcae3420b4509b227239865ecff3ffe8b6e8cecdd38408cd1474fea5e5cdd38408cd1474fea5e5ed5f71fcae3420b4509b227239865ecff3ffe8b6e8cecdd38408cd1474fea5e5ed5f71fcae3420b4509b227239865ecff3ffe8b6e8cecdd38408cd1474fea5e59865ecff3ffe8b6e8ceced5f71fcae3420b4509b227239865ecff3ffe8b6e8cecdd38408cd1474fea5e5dd38408cd1474fea5e5ed5f71fcae3420b4509b227239865ecff3ffe8b6e8cecdd38408cd1474fea5e51474fea5e57239865ecff3ffeed5f71fcae3420b4509b227239865ecff3ffe8b6e8cecdd38408cd1474fea5e58b6e8cecdd38408cd1474fea5e5 test FileLog  714
